Cadence Genus(TM) Synthesis Solution.
Copyright 2024 Cadence Design Systems, Inc. All rights reserved worldwide.
Cadence and the Cadence logo are registered trademarks and Genus is a trademark
of Cadence Design Systems, Inc. in the United States and other countries.

[17:23:24.179097] Configured Lic search path (21.01-s002): 27432@police.ceas1.uc.edu

Version: 21.19-s055_1, built Wed May 29 13:33:07 PDT 2024
Options: -legacy_ui -files /home/shivansa/CUSTOM-CIRCUIT-DESIGN/PROJECT_shivansa/Synth/InputFiles/Tcl.init.tcl 
Date:    Thu Nov 28 17:23:24 2024
Host:    ece-rh810-8 (x86_64 w/Linux 5.15.0-126-generic) (20cores*28cpus*1physical cpu*Intel(R) Core(TM) i7-14700K 33792KB) (65519764KB)
PID:     204098
OS:      CentOS Linux release 7.9.2009 (Core)


[17:23:24.372304] Periodic Lic check successful
[17:23:24.372313] Feature usage summary:
[17:23:24.372314] Genus_Synthesis
Checking out license: Genus_Synthesis


***********************************************************************************************************
***********************************************************************************************************



Loading tool scripts...
Finished loading tool scripts (20 seconds elapsed).

#@ Processing -files option
@genus 1> source /home/shivansa/CUSTOM-CIRCUIT-DESIGN/PROJECT_shivansa/Synth/InputFiles/Tcl.init.tcl
File '/home/shivansa/CUSTOM-CIRCUIT-DESIGN/PROJECT_shivansa/Synth/InputFiles/Tcl.init.tcl' does not exist.
Encountered problems processing file: /home/shivansa/CUSTOM-CIRCUIT-DESIGN/PROJECT_shivansa/Synth/InputFiles/Tcl.init.tcl

Lic Summary:
[17:24:11.119064] Cdslmd servers: police
[17:24:11.119072] Feature usage summary:
[17:24:11.119072] Genus_Synthesis

Normal exit.