Cadence Genus(TM) Synthesis Solution.
Copyright 2024 Cadence Design Systems, Inc. All rights reserved worldwide.
Cadence and the Cadence logo are registered trademarks and Genus is a trademark
of Cadence Design Systems, Inc. in the United States and other countries.

[18:41:46.179137] Configured Lic search path (21.01-s002): 27432@police.ceas1.uc.edu

Version: 21.19-s055_1, built Wed May 29 13:33:07 PDT 2024
Options: -files -legacy ui /home/shivansa/CUSTOM-CIRCUIT-DESIGN/PROJECT_shivansa/Synth/InputFiles/Tcl/init.tcl 
Date:    Sun Nov 24 18:41:46 2024
Host:    ece-rh810-8 (x86_64 w/Linux 5.15.0-124-generic) (20cores*28cpus*1physical cpu*Intel(R) Core(TM) i7-14700K 33792KB) (65519780KB)
PID:     3098723
OS:      CentOS Linux release 7.9.2009 (Core)


[18:41:46.008001] Periodic Lic check successful
[18:41:46.008011] Feature usage summary:
[18:41:46.008011] Genus_Synthesis
Checking out license: Genus_Synthesis


***********************************************************************************************************
***********************************************************************************************************



Loading tool scripts...
Finished loading tool scripts (7 seconds elapsed).
Cadence Genus(TM) Synthesis Solution.
Copyright 2024 Cadence Design Systems, Inc. All rights reserved worldwide.
Cadence and the Cadence logo are registered trademarks and Genus is a trademark
of Cadence Design Systems, Inc. in the United States and other countries.

Usage: genus [-abort_on_error] [-batch] [-del_scale 10] 
          [-disable_user_startup] [-execute <string>]+ [-files <string>]+ 
          [-help] [-legacy_gui] [-legacy_ui] [-lic_stack <integer>] 
          [-lic_startup <string>] [-lic_startup_options <string>]+ [-log 
          <string>] [-no_gui] [-overwrite] [-version] [-wait <integer>] 

    [-abort_on_error]:
        exit on script error
    [-batch]:
        exit after processing files
    [-del_scale 10]:
        for low frequency designs (below 5kHz)
    [-disable_user_startup]:
        only read master init file
    [-execute <string>]+:
        command string to execute before '-files' processing
    [-files <string>]+:
        execute command file
    [-help]:
        print this message
    [-legacy_gui]:
        start tool with legacy GUI
    [-legacy_ui]:
        start tool with legacy UI
    [-lic_stack <integer>]:
        specify number of licenses for VDI/VDI_XL (max is 2)
    [-lic_startup <string>]:
        specifies one of the following licenses
            Genus_Synthesis
            Virtuoso_Digital_Implem
            Virtuoso_Digital_Implem_XL
    [-lic_startup_options <string>]+:
        checkout an option license at startup
            Genus_Low_Power_Opt
            Genus_Physical_Opt
            Vdixl_Capacity_Opt
    [-log <string>]:
        prefix for the .log and .cmd files. If two args are given like
        -log "a b" then the two names are used without any extenstion
        added. If the .log file already exists, an integer is appended
        to all the names to make the files unique.
    [-no_gui]:
        start with GUI disabled
    [-overwrite]:
        overwrite default logfiles
    [-version]:
        return program version information
    [-wait <integer>]:
        queue wait timeout in minutes


Lic Summary:
[18:41:53.176960] Cdslmd servers: police
[18:41:53.176970] Feature usage summary:
[18:41:53.176970] Genus_Synthesis

Abnormal exit.Abnormal exit.
