
Power Net Detected:
        Voltage	    Name
             0V	    VSS
          1.08V	    VDD
Using Power View: recognizer_view_setup.

Begin Power Analysis

             0V	    VSS
          1.08V	    VDD

Begin Processing Timing Library for Power Calculation

Ended Processing Timing Library for Power Calculation: (cpu=0:00:00, real=0:00:00, mem(process/total/peak)=1729.89MB/3818.47MB/1730.14MB)



Begin Processing Power Net/Grid for Power Calculation

Ended Processing Power Net/Grid for Power Calculation: (cpu=0:00:00, real=0:00:00, mem(process/total/peak)=1730.14MB/3818.47MB/1730.21MB)

Begin Processing Timing Window Data for Power Calculation

clk(2941.18MHz) CK: assigning clock clk to net clk
Ended Processing Timing Window Data for Power Calculation: (cpu=0:00:00, real=0:00:00, mem(process/total/peak)=1730.27MB/3818.47MB/1730.27MB)

Begin Processing User Attributes

Ended Processing User Attributes: (cpu=0:00:00, real=0:00:00, mem(process/total/peak)=1730.39MB/3818.47MB/1730.39MB)

Begin Processing Signal Activity


Starting Levelizing
2024-Nov-05 17:56:39 (2024-Nov-05 22:56:39 GMT)
2024-Nov-05 17:56:39 (2024-Nov-05 22:56:39 GMT): 10%
2024-Nov-05 17:56:39 (2024-Nov-05 22:56:39 GMT): 20%
2024-Nov-05 17:56:39 (2024-Nov-05 22:56:39 GMT): 30%
2024-Nov-05 17:56:39 (2024-Nov-05 22:56:39 GMT): 40%
2024-Nov-05 17:56:39 (2024-Nov-05 22:56:39 GMT): 50%
2024-Nov-05 17:56:39 (2024-Nov-05 22:56:39 GMT): 60%
2024-Nov-05 17:56:39 (2024-Nov-05 22:56:39 GMT): 70%
2024-Nov-05 17:56:39 (2024-Nov-05 22:56:39 GMT): 80%
2024-Nov-05 17:56:39 (2024-Nov-05 22:56:39 GMT): 90%

Finished Levelizing
2024-Nov-05 17:56:39 (2024-Nov-05 22:56:39 GMT)

Starting Activity Propagation
2024-Nov-05 17:56:39 (2024-Nov-05 22:56:39 GMT)
** INFO:  (VOLTUS_POWR-1356): No default input activity has been set. Defaulting to 0.2.
Use 'set_default_switching_activity -input_activity' command to change the default activity value.

2024-Nov-05 17:56:39 (2024-Nov-05 22:56:39 GMT): 10%
2024-Nov-05 17:56:39 (2024-Nov-05 22:56:39 GMT): 20%
2024-Nov-05 17:56:39 (2024-Nov-05 22:56:39 GMT): 30%
2024-Nov-05 17:56:39 (2024-Nov-05 22:56:39 GMT): 40%
2024-Nov-05 17:56:39 (2024-Nov-05 22:56:39 GMT): 50%
2024-Nov-05 17:56:39 (2024-Nov-05 22:56:39 GMT): 60%
2024-Nov-05 17:56:39 (2024-Nov-05 22:56:39 GMT): 70%

Finished Activity Propagation
2024-Nov-05 17:56:39 (2024-Nov-05 22:56:39 GMT)
Ended Processing Signal Activity: (cpu=0:00:00, real=0:00:00, mem(process/total/peak)=1730.76MB/3818.47MB/1730.76MB)

Begin Power Computation

      ----------------------------------------------------------
      # of cell(s) missing both power/leakage table: 0
      # of cell(s) missing power table: 0
      # of cell(s) missing leakage table: 0
      ----------------------------------------------------------



Starting Calculating power
2024-Nov-05 17:56:39 (2024-Nov-05 22:56:39 GMT)
 ... Calculating switching power
2024-Nov-05 17:56:39 (2024-Nov-05 22:56:39 GMT): 10%
2024-Nov-05 17:56:39 (2024-Nov-05 22:56:39 GMT): 20%
2024-Nov-05 17:56:39 (2024-Nov-05 22:56:39 GMT): 30%
2024-Nov-05 17:56:39 (2024-Nov-05 22:56:39 GMT): 40%
2024-Nov-05 17:56:39 (2024-Nov-05 22:56:39 GMT): 50%
 ... Calculating internal and leakage power
2024-Nov-05 17:56:39 (2024-Nov-05 22:56:39 GMT): 60%
2024-Nov-05 17:56:39 (2024-Nov-05 22:56:39 GMT): 70%
2024-Nov-05 17:56:39 (2024-Nov-05 22:56:39 GMT): 80%
2024-Nov-05 17:56:39 (2024-Nov-05 22:56:39 GMT): 90%

Finished Calculating power
2024-Nov-05 17:56:39 (2024-Nov-05 22:56:39 GMT)
      # of MSMV cell(s) missing power_level: 0
Ended Power Computation: (cpu=0:00:00, real=0:00:00, mem(process/total/peak)=1731.68MB/3818.47MB/1731.68MB)

Begin Processing User Attributes

Ended Processing User Attributes: (cpu=0:00:00, real=0:00:00, mem(process/total/peak)=1731.68MB/3818.47MB/1731.87MB)

Ended Power Analysis: (cpu=0:00:00, real=0:00:00, mem(process/total/peak)=1731.87MB/3818.47MB/1731.87MB)

Begin Boundary Leakage Calculation
Ended Boundary Leakage Calculation: (cpu=0:00:00, real=0:00:00,
mem(process/total/peak)=1731.87MB/3818.47MB/1731.87MB)
Begin Static Power Report Generation
*----------------------------------------------------------------------------------------
*	Innovus 21.19-s058_1 (64bit) 04/04/2024 09:59 (Linux 3.10.0-693.el7.x86_64)
*	
*
* 	Date & Time:	2024-Nov-05 17:56:39 (2024-Nov-05 22:56:39 GMT)
*
*----------------------------------------------------------------------------------------
*
*	Design: recognizer
*
*	Liberty Libraries used:
*	        recognizer_view_setup: /opt/eda/cadence/local/GSCLIB045_Fall2024_SymbolwithVDDVSS/lan/flow/t1u1/reference_libs/GPDK045/gsclib045_all_v4.4/gsclib045/timing/slow_vdd1v2_basicCells.lib
*
*	Parasitic Files used:
*
*       Power View : recognizer_view_setup
*
*       User-Defined Activity : N.A.
*
*       Activity File: N.A.
*
*       Hierarchical Global Activity: N.A.
*
*       Global Activity: N.A.
*
*       Sequential Element Activity: N.A.
*
*       Primary Input Activity: 0.200000
*
*       Default icg ratio: N.A.
*
*       Global Comb ClockGate Ratio: N.A.
*
*	Power Units = 1mW
*
*	Time Units = 1e-09 secs
*
*       report_power
*
-----------------------------------------------------------------------------------------
*



Total Power
-----------------------------------------------------------------------------------------
Total Internal Power:        0.03105838 	   87.5246%
Total Switching Power:       0.00442588 	   12.4724%
Total Leakage Power:         0.00000106 	    0.0030%
Total Power:                 0.03548532
-----------------------------------------------------------------------------------------


Group                           Internal   Switching     Leakage       Total  Percentage 
                                Power      Power         Power         Power  (%)        
-----------------------------------------------------------------------------------------
Sequential                       0.02716    0.001305   4.269e-07     0.02846        80.2
Macro                                  0           0           0           0           0
IO                                     0           0           0           0           0
Combinational                   0.003903    0.003121    6.33e-07    0.007025        19.8
Clock (Combinational)                  0           0           0           0           0
Clock (Sequential)                     0           0           0           0           0
-----------------------------------------------------------------------------------------
Total                            0.03106    0.004426    1.06e-06     0.03549         100
-----------------------------------------------------------------------------------------


Rail                  Voltage   Internal   Switching     Leakage       Total  Percentage 
                                Power      Power         Power         Power  (%)        
-----------------------------------------------------------------------------------------
VDD                      1.08    0.03106    0.004426    1.06e-06     0.03549         100
 
 
-----------------------------------------------------------------------------------------
*	Power Distribution Summary: 
*              Highest Average Power:              state_reg[0] (DFFRHQX1):          0.01472
*              Highest Leakage Power:              state_reg[0] (DFFRHQX1):        2.157e-07
*                Total Cap:      1.47826e-14 F
*                Total instances in design:    18
*                Total instances in design with no power:     0
*                Total instances in design with no activty:     0

*                Total Fillers and Decap:     0
-----------------------------------------------------------------------------------------
 
** INFO:  (VOLTUS_POWR-3465): There are 0 decaps and 0 fillers in the design

Ended Static Power Report Generation: (cpu=0:00:00, real=0:00:00,
mem(process/total/peak)=1731.93MB/3818.47MB/1732.43MB)

