###############################################################
#  Generated by:      Cadence Innovus 21.19-s058_1
#  OS:                Linux x86_64(Host ID ece-rh810-8)
#  Generated on:      Tue Nov  5 17:56:39 2024
#  Design:            recognizer
#  Command:           report_timing > /home/shivansa/CUSTOM-CIRCUIT-DESIGN/HW4_shivansa/Innovus/Run2_OutputFiles/Placement/PDTiming_reportTiming.rpt 
###############################################################
Path 1: MET Setup Check with Pin state_reg[1]/CK 
Endpoint:   state_reg[1]/D (^) checked with  leading edge of 'clk'
Beginpoint: state_reg[1]/Q (^) triggered by  leading edge of 'clk'
Path Groups: {clk}
Analysis View: recognizer_view_setup
Other End Arrival Time          0.000
- Setup                         0.062
+ Phase Shift                   0.340
= Required Time                 0.278
- Arrival Time                  0.270
= Slack Time                    0.009
     Clock Rise Edge                 0.000
     + Clock Network Latency (Ideal) 0.000
     = Beginpoint Arrival Time       0.000
     +------------------------------------------------------------------------+ 
     |     Instance     |     Arc     |   Cell   | Delay | Arrival | Required | 
     |                  |             |          |       |  Time   |   Time   | 
     |------------------+-------------+----------+-------+---------+----------| 
     | state_reg[1]     | CK ^        |          |       |   0.000 |    0.009 | 
     | state_reg[1]     | CK ^ -> Q ^ | DFFRHQX1 | 0.145 |   0.145 |    0.153 | 
     | FE_DBTC0_state_1 | A ^ -> Y v  | INVX1    | 0.031 |   0.176 |    0.184 | 
     | g566__3680       | B v -> Y ^  | NOR2X1   | 0.029 |   0.204 |    0.213 | 
     | g563__4319       | B ^ -> Y v  | NAND2X1  | 0.039 |   0.243 |    0.251 | 
     | g560__2398       | B v -> Y ^  | NAND2X1  | 0.027 |   0.270 |    0.278 | 
     | state_reg[1]     | D ^         | DFFRHQX1 | 0.000 |   0.270 |    0.278 | 
     +------------------------------------------------------------------------+ 

