###############################################################
#  Generated by:      Cadence Innovus 21.19-s058_1
#  OS:                Linux x86_64(Host ID ece-rh810-8)
#  Generated on:      Fri Dec  6 12:47:09 2024
#  Design:            nbit_stack
#  Command:           report_timing > /home/shivansa/CUSTOM-CIRCUIT-DESIGN/PROJECT_shivansa/Innovus/OutputFiles/Placement/PDTiming_reportTiming.rpt 
###############################################################
Path 1: VIOLATED Setup Check with Pin data_out_reg[1]/CK 
Endpoint:   data_out_reg[1]/D (^) checked with  leading edge of 'clk'
Beginpoint: sp_reg[0]/Q       (v) triggered by  leading edge of 'clk'
Path Groups: {clk}
Analysis View: nbit_stack_view_setup
Other End Arrival Time          0.000
- Setup                         0.063
+ Phase Shift                   0.986
= Required Time                 0.923
- Arrival Time                  3.911
= Slack Time                   -2.988
     Clock Rise Edge                 0.000
     + Clock Network Latency (Ideal) 0.000
     = Beginpoint Arrival Time       0.000
     +-----------------------------------------------------------------------+ 
     |    Instance     |     Arc     |   Cell   | Delay | Arrival | Required | 
     |                 |             |          |       |  Time   |   Time   | 
     |-----------------+-------------+----------+-------+---------+----------| 
     | sp_reg[0]       | CK ^        |          |       |   0.000 |   -2.988 | 
     | sp_reg[0]       | CK ^ -> Q v | DFFRHQX1 | 0.172 |   0.172 |   -2.817 | 
     | fopt400654      | A v -> Y ^  | INVX1    | 0.108 |   0.280 |   -2.709 | 
     | g399385         | A ^ -> Y v  | NAND2X1  | 0.081 |   0.361 |   -2.628 | 
     | g399356         | B v -> Y ^  | NOR2X1   | 0.042 |   0.402 |   -2.586 | 
     | g399267         | B ^ -> Y v  | NAND2X1  | 0.053 |   0.455 |   -2.533 | 
     | g397389         | B v -> Y v  | XOR2X1   | 0.117 |   0.572 |   -2.416 | 
     | g390488         | B v -> Y v  | OR2X1    | 0.114 |   0.686 |   -2.302 | 
     | g386747         | B v -> Y ^  | NOR2X1   | 1.358 |   2.045 |   -0.944 | 
     | g379653         | B ^ -> Y v  | NAND2X1  | 1.049 |   3.094 |    0.105 | 
     | g377375         | A v -> Y ^  | NAND2X1  | 0.150 |   3.243 |    0.255 | 
     | g375862         | B ^ -> Y v  | NOR2X1   | 0.106 |   3.349 |    0.361 | 
     | g374797         | B v -> Y ^  | NOR2X1   | 0.125 |   3.474 |    0.486 | 
     | g374237__5477   | B ^ -> Y v  | NOR2X1   | 0.109 |   3.583 |    0.595 | 
     | g373938__1617   | A v -> Y ^  | NAND2X1  | 0.062 |   3.645 |    0.656 | 
     | g373775__7098   | B ^ -> Y v  | NOR2X1   | 0.056 |   3.701 |    0.713 | 
     | g373684__6783   | A v -> Y ^  | NAND2X1  | 0.048 |   3.749 |    0.761 | 
     | g373636__6131   | A ^ -> Y v  | NOR2X1   | 0.060 |   3.810 |    0.821 | 
     | g373605__5122   | B v -> Y ^  | NAND2X1  | 0.049 |   3.858 |    0.870 | 
     | g373589__2346   | A ^ -> Y v  | NOR2X1   | 0.031 |   3.889 |    0.901 | 
     | g373587__9945   | B v -> Y ^  | NAND2X1  | 0.022 |   3.911 |    0.923 | 
     | data_out_reg[1] | D ^         | DFFRHQX1 | 0.000 |   3.911 |    0.923 | 
     +-----------------------------------------------------------------------+ 

