###############################################################
#  Generated by:      Cadence Innovus 21.19-s058_1
#  OS:                Linux x86_64(Host ID ece-rh810-8)
#  Generated on:      Fri Dec  6 13:01:32 2024
#  Design:            nbit_stack
#  Command:           checkDesign -netlist > /home/shivansa/CUSTOM-CIRCUIT-DESIGN/PROJECT_shivansa/Innovus/OutputFiles/Route/netlist.rpt
###############################################################
Design: nbit_stack

------ Design Summary:
Total Standard Cell Number   (cells) : 32862
Total Block Cell Number      (cells) : 0
Total I/O Pad Cell Number    (cells) : 0
Total Standard Cell Area     ( um^2) : 49429.60
Total Block Cell Area        ( um^2) : 0.00
Total I/O Pad Cell Area      ( um^2) : 0.00

------ Design Statistics:

Number of Instances            : 32862
Number of Non-uniquified Insts : 32860
Number of Nets                 : 30847
Average number of Pins per Net : 2.78
Maximum number of Pins in Net  : 101

------ I/O Port summary

Number of Primary I/O Ports    : 23
Number of Input Ports          : 13
Number of Output Ports         : 10
Number of Bidirectional Ports  : 0
Number of Power/Ground Ports   : 0



------------------------------------------------------------
Detail report:


------ I/O Pad/Port Checking


------ Primitive Pins DRC Checking


------ Primitive Net DRC Check

WARNING : Net CTS_35 has 97 fanout
WARNING : Net CTS_36 has 100 fanout
WARNING : Net CTS_1 has 95 fanout
WARNING : Net CTS_2 has 92 fanout
WARNING : Net CTS_3 has 98 fanout
WARNING : Net CTS_4 has 100 fanout
WARNING : Net CTS_5 has 99 fanout
WARNING : Net CTS_6 has 100 fanout
WARNING : Net CTS_7 has 100 fanout
WARNING : Net CTS_8 has 96 fanout
WARNING : Net CTS_9 has 100 fanout
WARNING : Net CTS_10 has 100 fanout
WARNING : Net CTS_11 has 99 fanout
WARNING : Net CTS_12 has 98 fanout
WARNING : Net CTS_13 has 100 fanout
WARNING : Net CTS_14 has 96 fanout
WARNING : Net CTS_15 has 95 fanout
WARNING : Net CTS_16 has 97 fanout
WARNING : Net CTS_17 has 99 fanout
WARNING : Net CTS_18 has 100 fanout
WARNING : Net CTS_19 has 100 fanout
WARNING : Net CTS_20 has 99 fanout
WARNING : Net CTS_21 has 98 fanout
WARNING : Net CTS_22 has 100 fanout
WARNING : Net CTS_23 has 100 fanout
WARNING : Net CTS_24 has 97 fanout
WARNING : Net CTS_25 has 100 fanout
WARNING : Net CTS_26 has 100 fanout
WARNING : Net CTS_27 has 93 fanout
WARNING : Net CTS_28 has 99 fanout
WARNING : Net CTS_29 has 99 fanout
WARNING : Net CTS_30 has 98 fanout
WARNING : Net CTS_31 has 100 fanout
WARNING : Net CTS_32 has 100 fanout
WARNING : Net CTS_33 has 100 fanout

