#-check_same_via_cell true               # bool, default=false, user setting
 *** Starting Verify DRC (MEM: 3493.6) ***

  VERIFY DRC ...... Starting Verification
  VERIFY DRC ...... Initializing
  VERIFY DRC ...... Deleting Existing Violations
  VERIFY DRC ...... Creating Sub-Areas
  VERIFY DRC ...... Using new threading
  VERIFY DRC ...... Sub-Area: {0.000 0.000 86.400 86.400} 1 of 9
  VERIFY DRC ...... Sub-Area : 1 complete 0 Viols.
  VERIFY DRC ...... Sub-Area: {86.400 0.000 172.800 86.400} 2 of 9
  VERIFY DRC ...... Sub-Area : 2 complete 0 Viols.
  VERIFY DRC ...... Sub-Area: {172.800 0.000 257.000 86.400} 3 of 9
  VERIFY DRC ...... Sub-Area : 3 complete 0 Viols.
  VERIFY DRC ...... Sub-Area: {0.000 86.400 86.400 172.800} 4 of 9
  VERIFY DRC ...... Sub-Area : 4 complete 0 Viols.
  VERIFY DRC ...... Sub-Area: {86.400 86.400 172.800 172.800} 5 of 9
  VERIFY DRC ...... Sub-Area : 5 complete 0 Viols.
  VERIFY DRC ...... Sub-Area: {172.800 86.400 257.000 172.800} 6 of 9
  VERIFY DRC ...... Sub-Area : 6 complete 0 Viols.
  VERIFY DRC ...... Sub-Area: {0.000 172.800 86.400 257.450} 7 of 9
  VERIFY DRC ...... Sub-Area : 7 complete 0 Viols.
  VERIFY DRC ...... Sub-Area: {86.400 172.800 172.800 257.450} 8 of 9
  VERIFY DRC ...... Sub-Area : 8 complete 0 Viols.
  VERIFY DRC ...... Sub-Area: {172.800 172.800 257.000 257.450} 9 of 9
  VERIFY DRC ...... Sub-Area : 9 complete 0 Viols.

  Verification Complete : 0 Viols.

 *** End Verify DRC (CPU: 0:00:03.3  ELAPSED TIME: 3.00  MEM: 0.0M) ***

