**WARN: (IMPSP-5224):	Option '-preCap' for command addEndCap is obsolete and has been replaced by 'setEndCapMode -rightEdge cell_name'. 
The obsolete option still works in this release but to avoid this warning and to ensure compatibility with future releases, 
update your script to use 'setEndCapMode -rightEdge cell_name' and 'addEndCap'.
**WARN: (IMPSP-5224):	Option '-postcap' for command addEndCap is obsolete and has been replaced by 'setEndCapMode -leftEdge cell_name'. 
The obsolete option still works in this release but to avoid this warning and to ensure compatibility with future releases, 
update your script to use 'setEndCapMode -rightEdge cell_name' and 'addEndCap'.
**WARN: (IMPSP-5534):	'setEndCapMode -leftEdge' and 'setEndCapMode -rightEdge' are using the same endcap cells
**WARN: (IMPSP-5534):	'setEndCapMode -leftBottomCorner' and 'setEndCapMode -rightBottomCorner' are using the same endcap cells
**WARN: (IMPSP-5534):	'setEndCapMode -leftTopCorner' and 'setEndCapMode -rightTopCorner' are using the same endcap cells
Minimum row-size in sites for endcap insertion = 5.
Minimum number of sites for row blockage       = 1.
Inserted 145 pre-endcap <FILL2> cells (prefix ENDCAP).
Inserted 145 post-endcap <FILL2> cells (prefix ENDCAP).
For 290 new insts, 