############################################################################
# Innovus Netlist Design Rule Check
# Tue Nov  5 18:06:49 2024
############################################################################
Design: recognizer

------ Design Summary:
Total Standard Cell Number   (cells) : 26
Total Block Cell Number      (cells) : 0
Total I/O Pad Cell Number    (cells) : 0
Total Standard Cell Area     ( um^2) : 33.17
Total Block Cell Area        ( um^2) : 0.00
Total I/O Pad Cell Area      ( um^2) : 0.00

------ Design Statistics:

Number of Instances            : 26
Number of Non-uniquified Insts : 26
Number of Nets                 : 23
Average number of Pins per Net : 2.39
Maximum number of Pins in Net  : 5

------ I/O Port summary

Number of Primary I/O Ports    : 4
Number of Input Ports          : 3
Number of Output Ports         : 1
Number of Bidirectional Ports  : 0
Number of Power/Ground Ports   : 0
Number of Floating Ports                     *: 0
Number of Ports Connected to Multiple Pads   *: 0
Number of Ports Connected to Core Instances   : 4
**WARN: (IMPREPO-202):	There are 4 Ports connected to core instances.

------ Design Rule Checking:

Number of Output Pins connect to Power/Ground *: 0
Number of Insts with Input Pins tied together ?: 0
Number of TieHi/Lo term nets not connected to instance's PG terms ?: 0
**WARN: (IMPDB-2136):	Input term 'RN' of  instance 'state_reg[1]' does not connect to a 'TieHi ' net. The netlist is not correct or the net for connecting tie high/low signals is not specified. To resolve this problem, check your netlist or run globalNetConnect to specify the tie high/low signal nets.
**WARN: (IMPDB-2136):	Input term 'RN' of  instance 'state_reg[0]' does not connect to a 'TieHi ' net. The netlist is not correct or the net for connecting tie high/low signals is not specified. To resolve this problem, check your netlist or run globalNetConnect to specify the tie high/low signal nets.
Number of Input/InOut Floating Pins            : 2
Number of Output Floating Pins                 : 0
Number of Output Term Marked TieHi/Lo         *: 0

**WARN: (IMPREPO-218):	There are 2 Floating Instance terminals.
Number of nets with tri-state drivers          : 0
Number of nets with parallel drivers           : 0
Number of nets with multiple drivers           : 0
Number of nets with no driver (No FanIn)       : 0
Number of Output Floating nets (No FanOut)     : 0
Number of High Fanout nets (>50)               : 0
Design check done.
Report saved in file checkDesign/recognizer.main.htm.ascii

*** Summary of all messages that are not suppressed in this session:
Severity  ID               Count  Summary                                  
WARNING   IMPDB-2136           2  %s term '%s' of %s instance '%s' does no...
WARNING   IMPREPO-202          1  There are %d Ports connected to core ins...
WARNING   IMPREPO-218          1  There are %d Floating Instance terminals...
*** Message Summary: 4 warning(s), 0 error(s)

