Using Power View: recognizer_view_setup.
Load RC corner of view recognizer_view_setup

Begin Power Analysis

             0V	    VSS
          1.08V	    VDD

Begin Processing Timing Library for Power Calculation

Ended Processing Timing Library for Power Calculation: (cpu=0:00:00, real=0:00:00, mem(process/total/peak)=1820.95MB/3957.46MB/1821.02MB)



Begin Processing Power Net/Grid for Power Calculation

Ended Processing Power Net/Grid for Power Calculation: (cpu=0:00:00, real=0:00:00, mem(process/total/peak)=1821.02MB/3957.46MB/1821.02MB)

Begin Processing Timing Window Data for Power Calculation

CK: assigning clock clk to net clk
Ended Processing Timing Window Data for Power Calculation: (cpu=0:00:00, real=0:00:00, mem(process/total/peak)=1821.02MB/3957.46MB/1821.02MB)

Begin Processing User Attributes

Ended Processing User Attributes: (cpu=0:00:00, real=0:00:00, mem(process/total/peak)=1821.02MB/3957.46MB/1821.02MB)

Begin Processing Signal Activity


Starting Levelizing
2024-Nov-05 18:06:49 (2024-Nov-05 23:06:49 GMT)
2024-Nov-05 18:06:49 (2024-Nov-05 23:06:49 GMT): 10%
2024-Nov-05 18:06:49 (2024-Nov-05 23:06:49 GMT): 20%
2024-Nov-05 18:06:49 (2024-Nov-05 23:06:49 GMT): 30%
2024-Nov-05 18:06:49 (2024-Nov-05 23:06:49 GMT): 40%
2024-Nov-05 18:06:49 (2024-Nov-05 23:06:49 GMT): 50%
2024-Nov-05 18:06:49 (2024-Nov-05 23:06:49 GMT): 60%
2024-Nov-05 18:06:49 (2024-Nov-05 23:06:49 GMT): 70%
2024-Nov-05 18:06:49 (2024-Nov-05 23:06:49 GMT): 80%
2024-Nov-05 18:06:49 (2024-Nov-05 23:06:49 GMT): 90%

Finished Levelizing
2024-Nov-05 18:06:49 (2024-Nov-05 23:06:49 GMT)

Starting Activity Propagation
2024-Nov-05 18:06:49 (2024-Nov-05 23:06:49 GMT)
2024-Nov-05 18:06:49 (2024-Nov-05 23:06:49 GMT): 10%
2024-Nov-05 18:06:49 (2024-Nov-05 23:06:49 GMT): 20%
2024-Nov-05 18:06:49 (2024-Nov-05 23:06:49 GMT): 30%
2024-Nov-05 18:06:49 (2024-Nov-05 23:06:49 GMT): 40%
2024-Nov-05 18:06:49 (2024-Nov-05 23:06:49 GMT): 50%
2024-Nov-05 18:06:49 (2024-Nov-05 23:06:49 GMT): 60%
2024-Nov-05 18:06:49 (2024-Nov-05 23:06:49 GMT): 70%

Finished Activity Propagation
2024-Nov-05 18:06:49 (2024-Nov-05 23:06:49 GMT)
Ended Processing Signal Activity: (cpu=0:00:00, real=0:00:00, mem(process/total/peak)=1821.02MB/3957.46MB/1821.02MB)

Begin Power Computation

      ----------------------------------------------------------
      # of cell(s) missing both power/leakage table: 0
      # of cell(s) missing power table: 0
      # of cell(s) missing leakage table: 0
      ----------------------------------------------------------



Starting Calculating power
2024-Nov-05 18:06:49 (2024-Nov-05 23:06:49 GMT)
 ... Calculating switching power
2024-Nov-05 18:06:49 (2024-Nov-05 23:06:49 GMT): 10%
2024-Nov-05 18:06:49 (2024-Nov-05 23:06:49 GMT): 20%
2024-Nov-05 18:06:49 (2024-Nov-05 23:06:49 GMT): 30%
2024-Nov-05 18:06:49 (2024-Nov-05 23:06:49 GMT): 40%
2024-Nov-05 18:06:49 (2024-Nov-05 23:06:49 GMT): 50%
 ... Calculating internal and leakage power
2024-Nov-05 18:06:49 (2024-Nov-05 23:06:49 GMT): 60%
2024-Nov-05 18:06:49 (2024-Nov-05 23:06:49 GMT): 70%
2024-Nov-05 18:06:49 (2024-Nov-05 23:06:49 GMT): 80%
2024-Nov-05 18:06:49 (2024-Nov-05 23:06:49 GMT): 90%

Finished Calculating power
2024-Nov-05 18:06:49 (2024-Nov-05 23:06:49 GMT)
      # of MSMV cell(s) missing power_level: 0
Ended Power Computation: (cpu=0:00:00, real=0:00:00, mem(process/total/peak)=1821.84MB/3965.46MB/1821.84MB)

Begin Processing User Attributes

Ended Processing User Attributes: (cpu=0:00:00, real=0:00:00, mem(process/total/peak)=1821.84MB/3965.46MB/1821.84MB)

Ended Power Analysis: (cpu=0:00:00, real=0:00:00, mem(process/total/peak)=1821.84MB/3965.46MB/1821.84MB)

Begin Boundary Leakage Calculation
Ended Boundary Leakage Calculation: (cpu=0:00:00, real=0:00:00,
mem(process/total/peak)=1821.84MB/3965.46MB/1821.84MB)
Begin Static Power Report Generation
*----------------------------------------------------------------------------------------
*	Innovus 21.19-s058_1 (64bit) 04/04/2024 09:59 (Linux 3.10.0-693.el7.x86_64)
*	
*
* 	Date & Time:	2024-Nov-05 18:06:49 (2024-Nov-05 23:06:49 GMT)
*
*----------------------------------------------------------------------------------------
*
*	Design: recognizer
*
*	Liberty Libraries used:
*	        recognizer_view_setup: /opt/eda/cadence/local/GSCLIB045_Fall2024_SymbolwithVDDVSS/lan/flow/t1u1/reference_libs/GPDK045/gsclib045_all_v4.4/gsclib045/timing/slow_vdd1v2_basicCells.lib
*
*	Parasitic Files used:
*
*       Power View : recognizer_view_setup
*
*       User-Defined Activity : N.A.
*
*       Activity File: N.A.
*
*       Hierarchical Global Activity: N.A.
*
*       Global Activity: N.A.
*
*       Sequential Element Activity: N.A.
*
*       Primary Input Activity: 0.200000
*
*       Default icg ratio: N.A.
*
*       Global Comb ClockGate Ratio: N.A.
*
*	Power Units = 1mW
*
*	Time Units = 1e-09 secs
*
*       report_power
*
-----------------------------------------------------------------------------------------
*



Total Power
-----------------------------------------------------------------------------------------
Total Internal Power:        0.03105586 	   86.3828%
Total Switching Power:       0.00489453 	   13.6143%
Total Leakage Power:         0.00000106 	    0.0029%
Total Power:                 0.03595144
-----------------------------------------------------------------------------------------


Group                           Internal   Switching     Leakage       Total  Percentage 
                                Power      Power         Power         Power  (%)        
-----------------------------------------------------------------------------------------
Sequential                       0.02716    0.001451   4.269e-07     0.02861       79.57
Macro                                  0           0           0           0           0
IO                                     0           0           0           0           0
Combinational                   0.003901    0.003444    6.33e-07    0.007345       20.43
Clock (Combinational)                  0           0           0           0           0
Clock (Sequential)                     0           0           0           0           0
-----------------------------------------------------------------------------------------
Total                            0.03106    0.004895    1.06e-06     0.03595         100
-----------------------------------------------------------------------------------------


Rail                  Voltage   Internal   Switching     Leakage       Total  Percentage 
                                Power      Power         Power         Power  (%)        
-----------------------------------------------------------------------------------------
VDD                      1.08    0.03106    0.004895    1.06e-06     0.03595         100
 
 
-----------------------------------------------------------------------------------------
*	Power Distribution Summary: 
*              Highest Average Power:              state_reg[0] (DFFRHQX1):           0.0148
*              Highest Leakage Power:              state_reg[0] (DFFRHQX1):        2.157e-07
*                Total Cap:      1.62724e-14 F
*                Total instances in design:    18
*                Total instances in design with no power:     0
*                Total instances in design with no activty:     0

*                Total Fillers and Decap:     0
-----------------------------------------------------------------------------------------
 
** INFO:  (VOLTUS_POWR-3465): There are 0 decaps and 0 fillers in the design

Ended Static Power Report Generation: (cpu=0:00:00, real=0:00:00,
mem(process/total/peak)=1821.84MB/3965.46MB/1821.84MB)

