#routeDesign: cpu time = 00:00:00, elapsed time = 00:00:00, memory = 1693.43 (MB), peak = 1743.29 (MB)
AAE_INFO: Pre Route call back at the beginning of routeDesign
#**INFO: setDesignMode -flowEffort standard
#**INFO: setDesignMode -powerEffort none
**INFO: User settings:
setNanoRouteMode -drouteUseMinSpacingForBlockage    auto
setNanoRouteMode -extractThirdPartyCompatible       false
setNanoRouteMode -routeStrictlyHonorNonDefaultRule  false
setNanoRouteMode -routeTopRoutingLayer              5
setDesignMode -topRoutingLayer                      Metal5
setExtractRCMode -engine                            preRoute
setDelayCalMode -enable_high_fanout                 true
setDelayCalMode -engine                             aae
setDelayCalMode -ignoreNetLoad                      false
setDelayCalMode -socv_accuracy_mode                 low
setSIMode -separate_delta_delay_on_data             true

#**INFO: multi-cut via swapping will be performed after routing.
#**INFO: All auto set options tuned by routeDesign will be restored to their original settings on command completion.
Begin checking placement ... (start mem=2329.2M, init mem=2329.2M)
*info: Placed = 26             (Fixed = 8)
*info: Unplaced = 0           
Placement Density:53.29%(28/52)
Placement Density (including fixed std cells):57.74%(33/57)
Finished checkPlace (total: cpu=0:00:00.0, real=0:00:00.0; vio checks: cpu=0:00:00.0, real=0:00:00.0; mem=2329.2M)
Turning off fast DC mode.

changeUseClockNetStatus Option :  -noFixedNetWires 
*** Changed status on (0) nets in Clock.
*** End changeUseClockNetStatus (cpu=0:00:00.0, real=0:00:00.0, mem=2329.2M) ***
#**INFO: auto set of droutePostRouteSwapVia to multiCut
% Begin globalDetailRoute (date=11/05 18:06:40, mem=1693.9M)

globalDetailRoute

#Start globalDetailRoute on Tue Nov  5 18:06:40 2024
#
#Generating timing data, please wait...
#21 total nets, 21 already routed, 21 will ignore in trialRoute
**WARN: (IMPEXT-3530):	The process node is not set. Use the command setDesignMode -process <process node> prior to extraction for maximum accuracy and optimal automatic threshold setting.
#Reporting timing...
###############################################################
#  Generated by:      Cadence Innovus 21.19-s058_1
#  OS:                Linux x86_64(Host ID ece-rh810-8)
#  Generated on:      Tue Nov  5 18:06:40 2024
#  Design:            recognizer
#  Command:           routeDesign > /home/shivansa/CUSTOM-CIRCUIT-DESIGN/HW4_shivansa/Innovus/Run2_OutputFiles/Route/routedesign.rpt
###############################################################
#Normalized TNS: 0.000 -> 0.000, r2r 0.000 -> 0.000, unit 1000.000, clk period 0.340 (ns)
#Stage 1: cpu time = 00:00:00, elapsed time = 00:00:00, memory = 1736.62 (MB), peak = 1743.29 (MB)
#Library Standard Delay: 165.00ps
#Slack threshold: 330.00ps
#*** Analyzed 8 timing critical paths, and collected 4.
#Stage 2: cpu time = 00:00:00, elapsed time = 00:00:00, memory = 1736.98 (MB), peak = 1743.29 (MB)
#Stage 3: cpu time = 00:00:00, elapsed time = 00:00:00, memory = 1745.05 (MB), peak = 1745.06 (MB)
#Default setup view is reset to recognizer_view_setup.
#Stage 4: cpu time = 00:00:00, elapsed time = 00:00:00, memory = 1745.05 (MB), peak = 1745.06 (MB)
#Current view: recognizer_view_setup 
#Current enabled view: recognizer_view_setup 
#Generating timing data took: cpu time = 00:00:00, elapsed time = 00:00:00, memory = 1744.29 (MB), peak = 1753.04 (MB)
#Done generating timing data.
#WARNING (NRIG-1303) The congestion map does not match the GCELL grid. Clearing the map.
#num needed restored net=0
#need_extraction net=0 (total=23)
#NanoRoute Version 21.19-s058_1 NR231113-0413/21_19-UB
#Start routing data preparation on Tue Nov  5 18:06:40 2024
#
#Minimum voltage of a net in the design = 0.000.
#Maximum voltage of a net in the design = 1.080.
#Voltage range [0.000 - 1.080] has 21 nets.
#Voltage range [1.080 - 1.080] has 1 net.
#Voltage range [0.000 - 0.000] has 1 net.
#Build and mark too close pins for the same net.
#Rebuild pin access data for design.
#Initial pin access analysis.
#Detail pin access analysis.
# Metal1       H   Track-Pitch = 0.19000    Line-2-Via Pitch = 0.13000
# Metal2       V   Track-Pitch = 0.20000    Line-2-Via Pitch = 0.15000
# Metal3       H   Track-Pitch = 0.19000    Line-2-Via Pitch = 0.15000
# Metal4       V   Track-Pitch = 0.20000    Line-2-Via Pitch = 0.15000
# Metal5       H   Track-Pitch = 0.19000    Line-2-Via Pitch = 0.15000
# Metal6       V   Track-Pitch = 0.20000    Line-2-Via Pitch = 0.15000
# Metal7       H   Track-Pitch = 0.19000    Line-2-Via Pitch = 0.15000
# Metal8       V   Track-Pitch = 0.20000    Line-2-Via Pitch = 0.15000
# Metal9       H   Track-Pitch = 0.19000    Line-2-Via Pitch = 0.15000
# Metal10      V   Track-Pitch = 0.50000    Line-2-Via Pitch = 0.42000
# Metal11      H   Track-Pitch = 0.47500    Line-2-Via Pitch = 0.43000
#Bottom routing layer index=1(Metal1), bottom routing layer for shielding=1(Metal1), bottom shield layer=1(Metal1)
#shield_bottom_stripe_layer=1(Metal1), shield_top_stripe_layer=5(Metal5)
#pin_access_rlayer=2(Metal2)
#shield_top_dpt_rlayer=-1 top_rlayer=5 top_trim_metal_rlayer=-1 rlayer_lowest=1 bottom_rlayer=1
#enable_trim_layer_shield=F enable_dpt_layer_shield=F has_line_end_grid=F
#cpu time = 00:00:00, elapsed time = 00:00:00, memory = 1775.13 (MB), peak = 1808.70 (MB)
#Regenerating Ggrids automatically.
#Auto generating G-grids with size=15 tracks, using layer Metal3's pitch = 0.19000.
#Using automatically generated G-grids.
#Done routing data preparation.
#cpu time = 00:00:00, elapsed time = 00:00:00, memory = 1785.23 (MB), peak = 1808.70 (MB)
#
#Summary of active signal nets routing constraints set by OPT:
#	preferred routing layers      : 0
#	preferred routing layer effort: 0
#	preferred extra space         : 0
#	preferred multi-cut via       : 0
#	avoid detour                  : 0
#	expansion ratio               : 0
#	net priority                  : 0
#	s2s control                   : 0
#	avoid chaining                : 0
#	inst-based stacking via       : 0
#
#Summary of active signal nets routing constraints set by USER:
#	preferred routing layers      : 0
#	preferred routing layer effort     : 0
#	preferred extra space              : 0
#	preferred multi-cut via            : 0
#	avoid detour                       : 0
#	net weight                         : 0
#	avoid chaining                     : 0
#	cell-based stacking via (required) : 0
#	cell-based stacking via (optional) : 0
#
#Start timing driven prevention iteration...
#Setup timing driven global route constraints on 10 nets
#    Honor OPT layer assignment for 0 nets.
#    Honor USER layer assignment for 0 nets.
#    Remove OPT layer assignment for 0 nets.
#    Remove USER layer assignment for 0 nets.
#layer Metal1: Res =   1.22667 (ohm/um), Cap =  0.196286 (ff/um), RC =  0.240778
#layer Metal2: Res =     0.755 (ohm/um), Cap =  0.164611 (ff/um), RC =  0.124281
#layer Metal3: Res =     0.755 (ohm/um), Cap =   0.16564 (ff/um), RC =  0.125058
#layer Metal4: Res =     0.755 (ohm/um), Cap =   0.16594 (ff/um), RC =  0.125285
#layer Metal5: Res =     0.755 (ohm/um), Cap =  0.165014 (ff/um), RC =  0.124585
#Metal stack 1: Metal1 (1) - Metal2 (2)
#Metal stack 2: Metal3 (3) - Metal5 (5)
#Prevention stack gain threshold: Min=0.2 ps, 1-stack=330 ps
#0 nets (0 um) assigned to layer Metal3
#0 inserted nodes are removed
#Restored 0 tie nets, 0 tie snets, 0 partial nets
#    Honor OPT extra spacing for 0 nets.
#    Honor USER extra spacing for 0 nets.
#    Remove OPT extra spacing for 0 nets.
#    Remove USER extra spacing for 0 nets.
#1 critical nets are selected for extra spacing.
#    Honor OPT detour control for 0 nets.
#    Honor USER detour control for 0 nets.
#    Remove OPT detour control for 0 nets.
#    Remove USER detour control for 0 nets.
#1 critical nets are selected for detour control.
#
#----------------------------------------------------
# Summary of active signal nets routing constraints
#+--------------------------+-----------+
#| Avoid Detour             |         1 |
#| Prefer Extra Space       |         1 |
#+--------------------------+-----------+
#
#----------------------------------------------------
#Done timing-driven prevention
#cpu time = 00:00:01, elapsed time = 00:00:01, memory = 1813.55 (MB), peak = 1814.53 (MB)
#Total number of trivial nets (e.g. < 2 pins) = 2 (skipped).
#Total number of routable nets = 21.
#Total number of nets in the design = 23.
#21 routable nets do not have any wires.
#21 nets will be global routed.
#1 global routed or unrouted (routable) net has been constrained (e.g. have preferred extra spacing, require shielding etc.)
#Minimum voltage of a net in the design = 0.000.
#Maximum voltage of a net in the design = 1.080.
#Voltage range [0.000 - 1.080] has 21 nets.
#Voltage range [1.080 - 1.080] has 1 net.
#Voltage range [0.000 - 0.000] has 1 net.
#Minimum voltage of a net in the design = 0.000.
#Maximum voltage of a net in the design = 1.080.
#Voltage range [0.000 - 1.080] has 21 nets.
#Voltage range [1.080 - 1.080] has 1 net.
#Voltage range [0.000 - 0.000] has 1 net.
#
#Finished routing data preparation on Tue Nov  5 18:06:42 2024
#
#Cpu time = 00:00:00
#Elapsed time = 00:00:00
#Increased memory = 0.00 (MB)
#Total memory = 1813.55 (MB)
#Peak memory = 1814.53 (MB)
#
#
#Start global routing on Tue Nov  5 18:06:42 2024
#
#
#Start global routing initialization on Tue Nov  5 18:06:42 2024
#
#Number of eco nets is 0
#
#Start global routing data preparation on Tue Nov  5 18:06:42 2024
#
#Start routing resource analysis on Tue Nov  5 18:06:42 2024
#
#Routing resource analysis is done on Tue Nov  5 18:06:42 2024
#
#  Resource Analysis:
#
#               Routing  #Avail      #Track     #Total     %Gcell
#  Layer      Direction   Track     Blocked      Gcell    Blocked
#  --------------------------------------------------------------
#  Metal1         H          60          20          30    10.00%
#  Metal2         V          68          14          30     0.00%
#  Metal3         H          75           5          30     0.00%
#  Metal4         V          68          14          30     0.00%
#  Metal5         H          75           5          30     0.00%
#  --------------------------------------------------------------
#  Total                    348      13.84%         150     2.00%
#
#  1 nets (4.35%) with 1 preferred extra spacing.
#
#
#
#Global routing data preparation is done on Tue Nov  5 18:06:42 2024
#
#cpu time = 00:00:00, elapsed time = 00:00:00, memory = 1813.55 (MB), peak = 1814.53 (MB)
#
#
#Global routing initialization is done on Tue Nov  5 18:06:42 2024
#
#cpu time = 00:00:00, elapsed time = 00:00:00, memory = 1813.55 (MB), peak = 1814.53 (MB)
#
#Skip 1/2 round for no nets in the round...
#Route nets in 2/2 round...
#start global routing iteration 1...
#cpu time = 00:00:00, elapsed time = 00:00:00, memory = 1814.43 (MB), peak = 1814.53 (MB)
#
#start global routing iteration 2...
#cpu time = 00:00:00, elapsed time = 00:00:00, memory = 1814.43 (MB), peak = 1814.53 (MB)
#
#
#Total number of trivial nets (e.g. < 2 pins) = 2 (skipped).
#Total number of routable nets = 21.
#Total number of nets in the design = 23.
#
#21 routable nets have routed wires.
#1 global routed or unrouted (routable) net has been constrained (e.g. have preferred extra spacing, require shielding etc.)
#
#Routed nets constraints summary:
#------------------------------------------------
#        Rules   Pref Extra Space   Unconstrained  
#------------------------------------------------
#      Default                  1              20  
#------------------------------------------------
#        Total                  1              20  
#------------------------------------------------
#
#Routing constraints summary of the whole design:
#------------------------------------------------
#        Rules   Pref Extra Space   Unconstrained  
#------------------------------------------------
#      Default                  1              20  
#------------------------------------------------
#        Total                  1              20  
#------------------------------------------------
#
#
#  Congestion Analysis: (blocked Gcells are excluded)
#
#                 OverCon          
#                  #Gcell    %Gcell
#     Layer           (1)   OverCon
#  --------------------------------
#  Metal1        0(0.00%)   (0.00%)
#  Metal2        0(0.00%)   (0.00%)
#  Metal3        0(0.00%)   (0.00%)
#  Metal4        0(0.00%)   (0.00%)
#  Metal5        0(0.00%)   (0.00%)
#  --------------------------------
#     Total      0(0.00%)   (0.00%)
#
#  The worst congested Gcell overcon (routing demand over resource in number of tracks) = 1
#  Overflow after GR: 0.00% H + 0.00% V
#
#Hotspot report including placement blocked areas
[hotspot] +----------------+-------------------+-------------------+-------------------------------------+
[hotspot] |      layer     |    max hotspot    |   total hotspot   |            hotspot bbox             |
[hotspot] +----------------+-------------------+-------------------+-------------------------------------+
[hotspot] |   Metal1(H)    |              0.00 |              0.00 |   (none)                            |
[hotspot] |   Metal2(V)    |              0.00 |              0.00 |   (none)                            |
[hotspot] |   Metal3(H)    |              0.00 |              0.00 |   (none)                            |
[hotspot] |   Metal4(V)    |              0.00 |              0.00 |   (none)                            |
[hotspot] |   Metal5(H)    |              0.00 |              0.00 |   (none)                            |
[hotspot] +----------------+-------------------+-------------------+-------------------------------------+
[hotspot] |      worst     |              0.00 |              0.00 |                                     |
[hotspot] +----------------+-------------------+-------------------+-------------------------------------+
[hotspot] |   all layers   |              0.00 |              0.00 |                                     |
[hotspot] +----------------+-------------------+-------------------+-------------------------------------+
Local HotSpot Analysis (blockage included) (3d): normalized congestion max/total hotspot area = 0.00/0.00 (area is in unit of 4 std-cell row bins)
#Complete Global Routing.
#Total number of nets with non-default rule or having extra spacing = 1
#Total wire length = 65 um.
#Total half perimeter of net bounding box = 87 um.
#Total wire length on LAYER Metal1 = 0 um.
#Total wire length on LAYER Metal2 = 28 um.
#Total wire length on LAYER Metal3 = 37 um.
#Total wire length on LAYER Metal4 = 0 um.
#Total wire length on LAYER Metal5 = 0 um.
#Total wire length on LAYER Metal6 = 0 um.
#Total wire length on LAYER Metal7 = 0 um.
#Total wire length on LAYER Metal8 = 0 um.
#Total wire length on LAYER Metal9 = 0 um.
#Total wire length on LAYER Metal10 = 0 um.
#Total wire length on LAYER Metal11 = 0 um.
#Total number of vias = 70
#Up-Via Summary (total 70):
#           
#-----------------------
# Metal1             49
# Metal2             21
#-----------------------
#                    70 
#
#Max overcon = 0 track.
#Total overcon = 0.00%.
#Worst layer Gcell overcon rate = 0.00%.
#
#Global routing statistics:
#Cpu time = 00:00:00
#Elapsed time = 00:00:00
#Increased memory = 1.52 (MB)
#Total memory = 1815.07 (MB)
#Peak memory = 1815.49 (MB)
#
#Finished global routing on Tue Nov  5 18:06:42 2024
#
#
#Minimum voltage of a net in the design = 0.000.
#Maximum voltage of a net in the design = 1.080.
#Voltage range [0.000 - 1.080] has 21 nets.
#Voltage range [1.080 - 1.080] has 1 net.
#Voltage range [0.000 - 0.000] has 1 net.
#Minimum voltage of a net in the design = 0.000.
#Maximum voltage of a net in the design = 1.080.
#Voltage range [0.000 - 1.080] has 21 nets.
#Voltage range [1.080 - 1.080] has 1 net.
#Voltage range [0.000 - 0.000] has 1 net.
#cpu time = 00:00:00, elapsed time = 00:00:00, memory = 1815.07 (MB), peak = 1815.49 (MB)
#Minimum voltage of a net in the design = 0.000.
#Maximum voltage of a net in the design = 1.080.
#Voltage range [0.000 - 1.080] has 21 nets.
#Voltage range [1.080 - 1.080] has 1 net.
#Voltage range [0.000 - 0.000] has 1 net.
#Start Track Assignment.
#Done with 14 horizontal wires in 1 hboxes and 10 vertical wires in 1 hboxes.
#Done with 3 horizontal wires in 1 hboxes and 2 vertical wires in 1 hboxes.
#Done with 1 horizontal wires in 1 hboxes and 1 vertical wires in 1 hboxes.
#
#Track assignment summary:
# layer   (wire length)   (overlap)     (long ovlp)	(with obs/pg/clk)  
#------------------------------------------------------------------------
# Metal1         0.00 	  0.00%  	  0.00% 	  0.00%
# Metal2        27.40 	  0.00%  	  0.00% 	  0.00%
# Metal3        37.77 	  0.21%  	  0.00% 	  0.00%
# Metal4         0.00 	  0.00%  	  0.00% 	  0.00%
# Metal5         0.00 	  0.00%  	  0.00% 	  0.00%
#------------------------------------------------------------------------
# All          65.17  	  0.12% 	  0.00% 	  0.00%
#Complete Track Assignment.
#Total number of nets with non-default rule or having extra spacing = 1
#Total wire length = 63 um.
#Total half perimeter of net bounding box = 87 um.
#Total wire length on LAYER Metal1 = 0 um.
#Total wire length on LAYER Metal2 = 27 um.
#Total wire length on LAYER Metal3 = 37 um.
#Total wire length on LAYER Metal4 = 0 um.
#Total wire length on LAYER Metal5 = 0 um.
#Total wire length on LAYER Metal6 = 0 um.
#Total wire length on LAYER Metal7 = 0 um.
#Total wire length on LAYER Metal8 = 0 um.
#Total wire length on LAYER Metal9 = 0 um.
#Total wire length on LAYER Metal10 = 0 um.
#Total wire length on LAYER Metal11 = 0 um.
#Total number of vias = 70
#Up-Via Summary (total 70):
#           
#-----------------------
# Metal1             49
# Metal2             21
#-----------------------
#                    70 
#
#cpu time = 00:00:00, elapsed time = 00:00:00, memory = 1815.18 (MB), peak = 1815.60 (MB)
#
#Start post global route fixing for timing critical nets ...
#
#* Updating design timing data...
#Extracting RC...
Un-suppress "**WARN ..." messages.
#
#Start tQuantus RC extraction...
#Finish check_net_pin_list step Enter extract_rc_after_routing
#Extract in track assign mode
#Minimum voltage of a net in the design = 0.000.
#Maximum voltage of a net in the design = 1.080.
#Voltage range [0.000 - 1.080] has 21 nets.
#Voltage range [1.080 - 1.080] has 1 net.
#Voltage range [0.000 - 0.000] has 1 net.
#Start building rc corner(s)...
#Number of RC Corner = 1
#Corner recognizer_rc_corner /opt/eda/cadence/local/GSCLIB045_Fall2024_SymbolwithVDDVSS/lan/flow/t1u1/reference_libs/GPDK045/gsclib045_all_v4.4/gsclib045/qrc/qx/gpdk045.tch 25.000000 (real) 
#(i=11, n=11 2000)
#METAL_1 -> Metal1 (1)
#METAL_2 -> Metal2 (2)
#METAL_3 -> Metal3 (3)
#METAL_4 -> Metal4 (4)
#METAL_5 -> Metal5 (5)
#METAL_6 -> Metal6 (6)
#METAL_7 -> Metal7 (7)
#METAL_8 -> Metal8 (8)
#METAL_9 -> Metal9 (9)
#METAL_10 -> Metal10 (10)
#METAL_11 -> Metal11 (11)
#SADV_On
# Corner(s) : 
#recognizer_rc_corner [25.00]
# Corner id: 0
# Layout Scale: 1.000000
# Has Metal Fill model: yes
# Temperature was set
# Temperature : 25.000000
# Ref. Temp   : 25.000000
#SADV_Off
#total pattern=286 [11, 792]
#Reading previously stored rc_model file ( rc_model.bin ) ...
#found CAPMODEL /opt/eda/cadence/local/GSCLIB045_Fall2024_SymbolwithVDDVSS/lan/flow/t1u1/reference_libs/GPDK045/gsclib045_all_v4.4/gsclib045/qrc/qx/gpdk045.tch
#found RESMODEL /opt/eda/cadence/local/GSCLIB045_Fall2024_SymbolwithVDDVSS/lan/flow/t1u1/reference_libs/GPDK045/gsclib045_all_v4.4/gsclib045/qrc/qx/gpdk045.tch 25.000000 
#number model r/c [1,1] [11,792] read
#0 rcmodel(s) requires rebuild
#Build RC corners: cpu time = 00:00:00, elapsed time = 00:00:01, memory = 1811.45 (MB), peak = 1819.90 (MB)
#Finish check_net_pin_list step Enter extract
#Start init net ripin tree building
#Finish init net ripin tree building
#Cpu time = 00:00:00
#Elapsed time = 00:00:00
#Increased memory = 0.16 (MB)
#Total memory = 1815.66 (MB)
#Peak memory = 1819.90 (MB)
#begin processing metal fill model file
#end processing metal fill model file
#Minimum voltage of a net in the design = 0.000.
#Maximum voltage of a net in the design = 1.080.
#Voltage range [0.000 - 1.080] has 21 nets.
#Voltage range [1.080 - 1.080] has 1 net.
#Voltage range [0.000 - 0.000] has 1 net.
#Minimum voltage of a net in the design = 0.000.
#Maximum voltage of a net in the design = 1.080.
#Voltage range [0.000 - 1.080] has 21 nets.
#Voltage range [1.080 - 1.080] has 1 net.
#Voltage range [0.000 - 0.000] has 1 net.
#Minimum voltage of a net in the design = 0.000.
#Maximum voltage of a net in the design = 1.080.
#Voltage range [0.000 - 1.080] has 21 nets.
#Voltage range [1.080 - 1.080] has 1 net.
#Voltage range [0.000 - 0.000] has 1 net.
#
#Start Post Track Assignment Wire Spread.
#Done with 3 horizontal wires in 1 hboxes and 2 vertical wires in 1 hboxes.
#Complete Post Track Assignment Wire Spread.
#
#Length limit = 200 pitches
#opt mode = 2
#Minimum voltage of a net in the design = 0.000.
#Maximum voltage of a net in the design = 1.080.
#Voltage range [0.000 - 1.080] has 21 nets.
#Voltage range [1.080 - 1.080] has 1 net.
#Voltage range [0.000 - 0.000] has 1 net.
#Minimum voltage of a net in the design = 0.000.
#Maximum voltage of a net in the design = 1.080.
#Voltage range [0.000 - 1.080] has 21 nets.
#Voltage range [1.080 - 1.080] has 1 net.
#Voltage range [0.000 - 0.000] has 1 net.
#Finish check_net_pin_list step Fix net pin list
#Start generate extraction boxes.
#
#Extract using 30 x 30 Hboxes
#2x2 initial hboxes
#Use area based hbox pruning.
#0/0 hboxes pruned.
#Complete generating extraction boxes.
#Extract 1 hboxes with single thread on machine with  Core_i7 3.40GHz 33792KB Cache 28CPU...
#Process 0 special clock nets for rc extraction
#Total 21 nets were built. 0 nodes added to break long wires. 0 net(s) have incomplete routes.
#Run Statistics for Extraction:
#   Cpu time = 00:00:00, elapsed time = 00:00:00 .
#   Increased memory =     0.73 (MB), total memory =  1816.62 (MB), peak memory =  1819.90 (MB)
#
#Scale RC for track assignment: res 1.000000; cap 1.000000; clk res 1.000000; clk cap 1.000000, xcap 1.000000
#Simplify RC tree: cpu time = 00:00:00, elapsed time = 00:00:00, memory = 1816.77 (MB), peak = 1819.90 (MB)
#RC Statistics: 42 Res, 27 Ground Cap, 0 XCap (Edge to Edge)
#RC V/H edge ratio: 0.39, Avg V/H Edge Length: 1909.00 (20), Avg L-Edge Length: 6498.89 (9)
#Register nets and terms for rcdb /tmp/innovus_temp_2175989_ece-rh810-8_shivansa_skmo4L/nr2175989_dh2WD0.rcdb.d
#Finish registering nets and terms for rcdb.
#Start writing RC data.
#Finish writing RC data
#Finish writing rcdb with 82 nodes, 61 edges, and 0 xcaps
#0 inserted nodes are removed
#Restored 0 tie nets, 0 tie snets, 0 partial nets
#Minimum voltage of a net in the design = 0.000.
#Maximum voltage of a net in the design = 1.080.
#Voltage range [0.000 - 1.080] has 21 nets.
#Voltage range [1.080 - 1.080] has 1 net.
#Voltage range [0.000 - 0.000] has 1 net.
#Minimum voltage of a net in the design = 0.000.
#Maximum voltage of a net in the design = 1.080.
#Voltage range [0.000 - 1.080] has 21 nets.
#Voltage range [1.080 - 1.080] has 1 net.
#Voltage range [0.000 - 0.000] has 1 net.
#Minimum voltage of a net in the design = 0.000.
#Maximum voltage of a net in the design = 1.080.
#Voltage range [0.000 - 1.080] has 21 nets.
#Voltage range [1.080 - 1.080] has 1 net.
#Voltage range [0.000 - 0.000] has 1 net.
#Remove Post Track Assignment Wire Spread
Restoring parasitic data from file '/tmp/innovus_temp_2175989_ece-rh810-8_shivansa_skmo4L/nr2175989_dh2WD0.rcdb.d' ...
Reading RCDB with compressed RC data.
Reading RCDB with compressed RC data.
Begin read_parasitics... (cpu: 0:00:00.0 real: 0:00:00.0 mem: 2515.473M)
Following multi-corner parasitics specified:
	/tmp/innovus_temp_2175989_ece-rh810-8_shivansa_skmo4L/nr2175989_dh2WD0.rcdb.d (rcdb)
Reading RCDB with compressed RC data.
		Cell recognizer has rcdb /tmp/innovus_temp_2175989_ece-rh810-8_shivansa_skmo4L/nr2175989_dh2WD0.rcdb.d specified
Cell recognizer, hinst 
Reading RCDB with compressed RC data.
Done read_parasitics... (cpu: 0:00:00.2 real: 0:00:00.0 mem: 2515.473M)
#
#Restore RCDB.
#Minimum voltage of a net in the design = 0.000.
#Maximum voltage of a net in the design = 1.080.
#Voltage range [0.000 - 1.080] has 21 nets.
#Voltage range [1.080 - 1.080] has 1 net.
#Voltage range [0.000 - 0.000] has 1 net.
#Minimum voltage of a net in the design = 0.000.
#Maximum voltage of a net in the design = 1.080.
#Voltage range [0.000 - 1.080] has 21 nets.
#Voltage range [1.080 - 1.080] has 1 net.
#Voltage range [0.000 - 0.000] has 1 net.
#Minimum voltage of a net in the design = 0.000.
#Maximum voltage of a net in the design = 1.080.
#Voltage range [0.000 - 1.080] has 21 nets.
#Voltage range [1.080 - 1.080] has 1 net.
#Voltage range [0.000 - 0.000] has 1 net.
#Remove Post Track Assignment Wire Spread
#
#Complete tQuantus RC extraction.
#Cpu time = 00:00:01
#Elapsed time = 00:00:01
#Increased memory = 4.05 (MB)
#Total memory = 1819.23 (MB)
#Peak memory = 1822.88 (MB)
#
Un-suppress "**WARN ..." messages.
#RC Extraction Completed...
AAE_INFO: switching -siAware from false to true ...
**WARN: (IMPDC-2614):	Cannot invoke the command -siAware true option of set_delay_cal_mode command with Encounter_Digital_Impl_Sys_L license. This feature requires an Encounter_Digital_Impl_Sys_XL or equivalent license. Update the license file or remove the option from the command. Skipped -siAware true option.
AAE_INFO: The setting is changed from false to true in setDelayCalMode -SIAware
#Reporting timing...
###############################################################
#  Generated by:      Cadence Innovus 21.19-s058_1
#  OS:                Linux x86_64(Host ID ece-rh810-8)
#  Generated on:      Tue Nov  5 18:06:43 2024
#  Design:            recognizer
#  Command:           routeDesign > /home/shivansa/CUSTOM-CIRCUIT-DESIGN/HW4_shivansa/Innovus/Run2_OutputFiles/Route/routedesign.rpt
###############################################################
#Normalized TNS: -0.036 -> -0.106, r2r -0.036 -> -0.106, unit 1000.000, clk period 0.340 (ns)
#Stage 1: cpu time = 00:00:00, elapsed time = 00:00:00, memory = 1824.20 (MB), peak = 1828.31 (MB)
#Library Standard Delay: 165.00ps
#Slack threshold: 0.00ps
#*** Analyzed 8 timing critical paths, and collected 4.
#Stage 2: cpu time = 00:00:00, elapsed time = 00:00:00, memory = 1824.20 (MB), peak = 1828.31 (MB)
#Stage 3: cpu time = 00:00:00, elapsed time = 00:00:00, memory = 1824.84 (MB), peak = 1828.31 (MB)
Worst slack reported in the design = 0.148973 (late)

*** writeDesignTiming (0:00:00.0) ***
#Stage 4: cpu time = 00:00:00, elapsed time = 00:00:00, memory = 1824.96 (MB), peak = 1828.31 (MB)
Un-suppress "**WARN ..." messages.
#Number of victim nets: 0
#Number of aggressor nets: 0
#Number of weak nets: 5
#Number of critical nets: 7
#	level 1 [ -19.1,  -17.0]: 5 nets
#	level 2 [ -17.0,  -17.0]: 1 nets
#	level 3 [ -19.1,  -19.1]: 1 nets
#Total number of nets: 21
#Total number of significant detoured timing critical nets is 0
#Total number of selected detoured timing critical nets is 0
#Setup timing driven post global route constraints on 10 nets
#1 critical nets are selected for extra spacing.
#Postfix stack gain threshold: Min=0.2 ps, 1-stack=330 ps
#0 nets (0 um) assigned to layer Metal3
#0 inserted nodes are removed
#Restored 0 tie nets, 0 tie snets, 0 partial nets
#
#  Congestion Analysis: (blocked Gcells are excluded)
#
#                 OverCon          
#                  #Gcell    %Gcell
#     Layer           (1)   OverCon
#  --------------------------------
#  Metal1        0(0.00%)   (0.00%)
#  Metal2        0(0.00%)   (0.00%)
#  Metal3        0(0.00%)   (0.00%)
#  Metal4        0(0.00%)   (0.00%)
#  Metal5        0(0.00%)   (0.00%)
#  --------------------------------
#     Total      0(0.00%)   (0.00%)
#
#  The worst congested Gcell overcon (routing demand over resource in number of tracks) = 1
#  Overflow after GR: 0.00% H + 0.00% V
#
#Hotspot report including placement blocked areas
[hotspot] +----------------+-------------------+-------------------+-------------------------------------+
[hotspot] |      layer     |    max hotspot    |   total hotspot   |            hotspot bbox             |
[hotspot] +----------------+-------------------+-------------------+-------------------------------------+
[hotspot] |   Metal1(H)    |              0.00 |              0.00 |   (none)                            |
[hotspot] |   Metal2(V)    |              0.00 |              0.00 |   (none)                            |
[hotspot] |   Metal3(H)    |              0.00 |              0.00 |   (none)                            |
[hotspot] |   Metal4(V)    |              0.00 |              0.00 |   (none)                            |
[hotspot] |   Metal5(H)    |              0.00 |              0.00 |   (none)                            |
[hotspot] +----------------+-------------------+-------------------+-------------------------------------+
[hotspot] |      worst     |              0.00 |              0.00 |                                     |
[hotspot] +----------------+-------------------+-------------------+-------------------------------------+
[hotspot] |   all layers   |              0.00 |              0.00 |                                     |
[hotspot] +----------------+-------------------+-------------------+-------------------------------------+
Local HotSpot Analysis (blockage included) (3d): normalized congestion max/total hotspot area = 0.00/0.00 (area is in unit of 4 std-cell row bins)
#Max overcon = 0 track.
#Total overcon = 0.00%.
#Worst layer Gcell overcon rate = 0.00%.
#
#----------------------------------------------------
# Summary of active signal nets routing constraints
#+--------------------------+-----------+
#| Avoid Detour             |         1 |
#| Prefer Extra Space       |         2 |
#+--------------------------+-----------+
#
#----------------------------------------------------
#Complete Global Routing.
#Total number of nets with non-default rule or having extra spacing = 2
#Total wire length = 63 um.
#Total half perimeter of net bounding box = 87 um.
#Total wire length on LAYER Metal1 = 0 um.
#Total wire length on LAYER Metal2 = 27 um.
#Total wire length on LAYER Metal3 = 37 um.
#Total wire length on LAYER Metal4 = 0 um.
#Total wire length on LAYER Metal5 = 0 um.
#Total wire length on LAYER Metal6 = 0 um.
#Total wire length on LAYER Metal7 = 0 um.
#Total wire length on LAYER Metal8 = 0 um.
#Total wire length on LAYER Metal9 = 0 um.
#Total wire length on LAYER Metal10 = 0 um.
#Total wire length on LAYER Metal11 = 0 um.
#Total number of vias = 70
#Up-Via Summary (total 70):
#           
#-----------------------
# Metal1             49
# Metal2             21
#-----------------------
#                    70 
#
#cpu time = 00:00:01, elapsed time = 00:00:01, memory = 1826.59 (MB), peak = 1832.95 (MB)
Current (total cpu=0:01:13, real=0:15:41, peak res=1834.5M, current mem=1749.4M)
recognizer
Ending "Constraint file reading stats" (total cpu=0:00:00.0, real=0:00:00.0, peak res=1760.7M, current mem=1760.7M)
Current (total cpu=0:01:13, real=0:15:41, peak res=1834.5M, current mem=1760.7M)
#Minimum voltage of a net in the design = 0.000.
#Maximum voltage of a net in the design = 1.080.
#Voltage range [0.000 - 1.080] has 21 nets.
#Voltage range [1.080 - 1.080] has 1 net.
#Voltage range [0.000 - 0.000] has 1 net.
#Minimum voltage of a net in the design = 0.000.
#Maximum voltage of a net in the design = 1.080.
#Voltage range [0.000 - 1.080] has 21 nets.
#Voltage range [1.080 - 1.080] has 1 net.
#Voltage range [0.000 - 0.000] has 1 net.
#cpu time = 00:00:00, elapsed time = 00:00:00, memory = 1760.68 (MB), peak = 1834.53 (MB)
#* Importing design timing data...
#Number of victim nets: 0
#Number of aggressor nets: 0
#Number of weak nets: 5
#Number of critical nets: 7
#	level 1 [ -19.1,  -17.0]: 5 nets
#	level 2 [ -17.0,  -17.0]: 1 nets
#	level 3 [ -19.1,  -19.1]: 1 nets
#Total number of nets: 21
#Minimum voltage of a net in the design = 0.000.
#Maximum voltage of a net in the design = 1.080.
#Voltage range [0.000 - 1.080] has 21 nets.
#Voltage range [1.080 - 1.080] has 1 net.
#Voltage range [0.000 - 0.000] has 1 net.
#
#timing driven effort level: 3
#Start Track Assignment With Timing Driven.
#Done with 1 horizontal wires in 1 hboxes and 0 vertical wires in 1 hboxes.
#Done with 0 horizontal wires in 1 hboxes and 0 vertical wires in 1 hboxes.
#Done with 1 horizontal wires in 1 hboxes and 1 vertical wires in 1 hboxes.
#
#Track assignment summary:
# layer   (wire length)   (overlap)     (long ovlp)	(with obs/pg/clk)  
#------------------------------------------------------------------------
# Metal1         0.00 	  0.00%  	  0.00% 	  0.00%
# Metal2        27.40 	  0.00%  	  0.00% 	  0.00%
# Metal3        37.77 	  0.21%  	  0.00% 	  0.00%
# Metal4         0.00 	  0.00%  	  0.00% 	  0.00%
# Metal5         0.00 	  0.00%  	  0.00% 	  0.00%
#------------------------------------------------------------------------
# All          65.17  	  0.12% 	  0.00% 	  0.00%
#Complete Track Assignment With Timing Driven.
#Total number of nets with non-default rule or having extra spacing = 2
#Total wire length = 63 um.
#Total half perimeter of net bounding box = 87 um.
#Total wire length on LAYER Metal1 = 0 um.
#Total wire length on LAYER Metal2 = 27 um.
#Total wire length on LAYER Metal3 = 37 um.
#Total wire length on LAYER Metal4 = 0 um.
#Total wire length on LAYER Metal5 = 0 um.
#Total wire length on LAYER Metal6 = 0 um.
#Total wire length on LAYER Metal7 = 0 um.
#Total wire length on LAYER Metal8 = 0 um.
#Total wire length on LAYER Metal9 = 0 um.
#Total wire length on LAYER Metal10 = 0 um.
#Total wire length on LAYER Metal11 = 0 um.
#Total number of vias = 70
#Up-Via Summary (total 70):
#           
#-----------------------
# Metal1             49
# Metal2             21
#-----------------------
#                    70 
#
#cpu time = 00:00:00, elapsed time = 00:00:00, memory = 1760.75 (MB), peak = 1834.53 (MB)
#
#Routing data preparation, pin analysis, global routing and track assignment statistics:
#Cpu time = 00:00:03
#Elapsed time = 00:00:04
#Increased memory = -8.50 (MB)
#Total memory = 1760.75 (MB)
#Peak memory = 1834.53 (MB)
#Minimum voltage of a net in the design = 0.000.
#Maximum voltage of a net in the design = 1.080.
#Voltage range [0.000 - 1.080] has 21 nets.
#Voltage range [1.080 - 1.080] has 1 net.
#Voltage range [0.000 - 0.000] has 1 net.
#Minimum voltage of a net in the design = 0.000.
#Maximum voltage of a net in the design = 1.080.
#Voltage range [0.000 - 1.080] has 21 nets.
#Voltage range [1.080 - 1.080] has 1 net.
#Voltage range [0.000 - 0.000] has 1 net.
#Minimum voltage of a net in the design = 0.000.
#Maximum voltage of a net in the design = 1.080.
#Voltage range [0.000 - 1.080] has 21 nets.
#Voltage range [1.080 - 1.080] has 1 net.
#Voltage range [0.000 - 0.000] has 1 net.
#Minimum voltage of a net in the design = 0.000.
#Maximum voltage of a net in the design = 1.080.
#Voltage range [0.000 - 1.080] has 21 nets.
#Voltage range [1.080 - 1.080] has 1 net.
#Voltage range [0.000 - 0.000] has 1 net.
#Start reading timing information from file .timing_file_2175989.tif.gz ...
#Read in timing information for 4 ports, 18 instances from timing file .timing_file_2175989.tif.gz.
#
#Start Detail Routing..
#start initial detail routing ...
#   number of violations = 0
#cpu time = 00:00:00, elapsed time = 00:00:00, memory = 1762.04 (MB), peak = 1834.53 (MB)
#Complete Detail Routing.
#Total number of nets with non-default rule or having extra spacing = 2
#Total wire length = 76 um.
#Total half perimeter of net bounding box = 87 um.
#Total wire length on LAYER Metal1 = 23 um.
#Total wire length on LAYER Metal2 = 30 um.
#Total wire length on LAYER Metal3 = 24 um.
#Total wire length on LAYER Metal4 = 0 um.
#Total wire length on LAYER Metal5 = 0 um.
#Total wire length on LAYER Metal6 = 0 um.
#Total wire length on LAYER Metal7 = 0 um.
#Total wire length on LAYER Metal8 = 0 um.
#Total wire length on LAYER Metal9 = 0 um.
#Total wire length on LAYER Metal10 = 0 um.
#Total wire length on LAYER Metal11 = 0 um.
#Total number of vias = 73
#Up-Via Summary (total 73):
#           
#-----------------------
# Metal1             49
# Metal2             24
#-----------------------
#                    73 
#
#Total number of DRC violations = 0
#Cpu time = 00:00:00
#Elapsed time = 00:00:00
#Increased memory = 1.29 (MB)
#Total memory = 1762.04 (MB)
#Peak memory = 1834.53 (MB)
#
#start routing for process antenna violation fix ...
#Minimum voltage of a net in the design = 0.000.
#Maximum voltage of a net in the design = 1.080.
#Voltage range [0.000 - 1.080] has 21 nets.
#Voltage range [1.080 - 1.080] has 1 net.
#Voltage range [0.000 - 0.000] has 1 net.
#Minimum voltage of a net in the design = 0.000.
#Maximum voltage of a net in the design = 1.080.
#Voltage range [0.000 - 1.080] has 21 nets.
#Voltage range [1.080 - 1.080] has 1 net.
#Voltage range [0.000 - 0.000] has 1 net.
#cpu time = 00:00:00, elapsed time = 00:00:00, memory = 1762.04 (MB), peak = 1834.53 (MB)
#
#Total number of nets with non-default rule or having extra spacing = 2
#Total wire length = 76 um.
#Total half perimeter of net bounding box = 87 um.
#Total wire length on LAYER Metal1 = 23 um.
#Total wire length on LAYER Metal2 = 30 um.
#Total wire length on LAYER Metal3 = 24 um.
#Total wire length on LAYER Metal4 = 0 um.
#Total wire length on LAYER Metal5 = 0 um.
#Total wire length on LAYER Metal6 = 0 um.
#Total wire length on LAYER Metal7 = 0 um.
#Total wire length on LAYER Metal8 = 0 um.
#Total wire length on LAYER Metal9 = 0 um.
#Total wire length on LAYER Metal10 = 0 um.
#Total wire length on LAYER Metal11 = 0 um.
#Total number of vias = 73
#Up-Via Summary (total 73):
#           
#-----------------------
# Metal1             49
# Metal2             24
#-----------------------
#                    73 
#
#Total number of DRC violations = 0
#Total number of process antenna violations = 0
#Total number of net violated process antenna rule = 0
#
#
#Total number of nets with non-default rule or having extra spacing = 2
#Total wire length = 76 um.
#Total half perimeter of net bounding box = 87 um.
#Total wire length on LAYER Metal1 = 23 um.
#Total wire length on LAYER Metal2 = 30 um.
#Total wire length on LAYER Metal3 = 24 um.
#Total wire length on LAYER Metal4 = 0 um.
#Total wire length on LAYER Metal5 = 0 um.
#Total wire length on LAYER Metal6 = 0 um.
#Total wire length on LAYER Metal7 = 0 um.
#Total wire length on LAYER Metal8 = 0 um.
#Total wire length on LAYER Metal9 = 0 um.
#Total wire length on LAYER Metal10 = 0 um.
#Total wire length on LAYER Metal11 = 0 um.
#Total number of vias = 73
#Up-Via Summary (total 73):
#           
#-----------------------
# Metal1             49
# Metal2             24
#-----------------------
#                    73 
#
#Total number of DRC violations = 0
#Total number of process antenna violations = 0
#Total number of net violated process antenna rule = 0
#
#Minimum voltage of a net in the design = 0.000.
#Maximum voltage of a net in the design = 1.080.
#Voltage range [0.000 - 1.080] has 21 nets.
#Voltage range [1.080 - 1.080] has 1 net.
#Voltage range [0.000 - 0.000] has 1 net.
#Minimum voltage of a net in the design = 0.000.
#Maximum voltage of a net in the design = 1.080.
#Voltage range [0.000 - 1.080] has 21 nets.
#Voltage range [1.080 - 1.080] has 1 net.
#Voltage range [0.000 - 0.000] has 1 net.
#
#Start Post Route via swapping...
#96.77% of area are rerouted by ECO routing.
#   number of violations = 0
#cpu time = 00:00:00, elapsed time = 00:00:00, memory = 1762.03 (MB), peak = 1834.53 (MB)
#CELL_VIEW recognizer,init has no DRC violation.
#Total number of DRC violations = 0
#Total number of process antenna violations = 0
#Total number of net violated process antenna rule = 0
#Post Route via swapping is done.
#Total number of nets with non-default rule or having extra spacing = 2
#Total wire length = 76 um.
#Total half perimeter of net bounding box = 87 um.
#Total wire length on LAYER Metal1 = 23 um.
#Total wire length on LAYER Metal2 = 30 um.
#Total wire length on LAYER Metal3 = 24 um.
#Total wire length on LAYER Metal4 = 0 um.
#Total wire length on LAYER Metal5 = 0 um.
#Total wire length on LAYER Metal6 = 0 um.
#Total wire length on LAYER Metal7 = 0 um.
#Total wire length on LAYER Metal8 = 0 um.
#Total wire length on LAYER Metal9 = 0 um.
#Total wire length on LAYER Metal10 = 0 um.
#Total wire length on LAYER Metal11 = 0 um.
#Total number of vias = 73
#Total number of multi-cut vias = 64 ( 87.7%)
#Total number of single cut vias = 9 ( 12.3%)
#Up-Via Summary (total 73):
#                   single-cut          multi-cut      Total
#-----------------------------------------------------------
# Metal1             9 ( 18.4%)        40 ( 81.6%)         49
# Metal2             0 (  0.0%)        24 (100.0%)         24
#-----------------------------------------------------------
#                    9 ( 12.3%)        64 ( 87.7%)         73 
#
#Minimum voltage of a net in the design = 0.000.
#Maximum voltage of a net in the design = 1.080.
#Voltage range [0.000 - 1.080] has 21 nets.
#Voltage range [1.080 - 1.080] has 1 net.
#Voltage range [0.000 - 0.000] has 1 net.
#Minimum voltage of a net in the design = 0.000.
#Maximum voltage of a net in the design = 1.080.
#Voltage range [0.000 - 1.080] has 21 nets.
#Voltage range [1.080 - 1.080] has 1 net.
#Voltage range [0.000 - 0.000] has 1 net.
#
#Start Post Route wire spreading..
#Minimum voltage of a net in the design = 0.000.
#Maximum voltage of a net in the design = 1.080.
#Voltage range [0.000 - 1.080] has 21 nets.
#Voltage range [1.080 - 1.080] has 1 net.
#Voltage range [0.000 - 0.000] has 1 net.
#Minimum voltage of a net in the design = 0.000.
#Maximum voltage of a net in the design = 1.080.
#Voltage range [0.000 - 1.080] has 21 nets.
#Voltage range [1.080 - 1.080] has 1 net.
#Voltage range [0.000 - 0.000] has 1 net.
#
#Start DRC checking..
#   number of violations = 0
#cpu time = 00:00:00, elapsed time = 00:00:00, memory = 1761.88 (MB), peak = 1834.53 (MB)
#CELL_VIEW recognizer,init has no DRC violation.
#Total number of DRC violations = 0
#Total number of process antenna violations = 0
#Total number of net violated process antenna rule = 0
#Minimum voltage of a net in the design = 0.000.
#Maximum voltage of a net in the design = 1.080.
#Voltage range [0.000 - 1.080] has 21 nets.
#Voltage range [1.080 - 1.080] has 1 net.
#Voltage range [0.000 - 0.000] has 1 net.
#Minimum voltage of a net in the design = 0.000.
#Maximum voltage of a net in the design = 1.080.
#Voltage range [0.000 - 1.080] has 21 nets.
#Voltage range [1.080 - 1.080] has 1 net.
#Voltage range [0.000 - 0.000] has 1 net.
#
#Start data preparation for wire spreading...
#
#Data preparation is done on Tue Nov  5 18:06:44 2024
#
#Minimum voltage of a net in the design = 0.000.
#Maximum voltage of a net in the design = 1.080.
#Voltage range [0.000 - 1.080] has 21 nets.
#Voltage range [1.080 - 1.080] has 1 net.
#Voltage range [0.000 - 0.000] has 1 net.
#
#Start Post Route Wire Spread.
#Done with 3 horizontal wires in 1 hboxes and 0 vertical wires in 1 hboxes.
#Complete Post Route Wire Spread.
#
#Total number of nets with non-default rule or having extra spacing = 2
#Total wire length = 78 um.
#Total half perimeter of net bounding box = 87 um.
#Total wire length on LAYER Metal1 = 24 um.
#Total wire length on LAYER Metal2 = 30 um.
#Total wire length on LAYER Metal3 = 24 um.
#Total wire length on LAYER Metal4 = 0 um.
#Total wire length on LAYER Metal5 = 0 um.
#Total wire length on LAYER Metal6 = 0 um.
#Total wire length on LAYER Metal7 = 0 um.
#Total wire length on LAYER Metal8 = 0 um.
#Total wire length on LAYER Metal9 = 0 um.
#Total wire length on LAYER Metal10 = 0 um.
#Total wire length on LAYER Metal11 = 0 um.
#Total number of vias = 73
#Total number of multi-cut vias = 64 ( 87.7%)
#Total number of single cut vias = 9 ( 12.3%)
#Up-Via Summary (total 73):
#                   single-cut          multi-cut      Total
#-----------------------------------------------------------
# Metal1             9 ( 18.4%)        40 ( 81.6%)         49
# Metal2             0 (  0.0%)        24 (100.0%)         24
#-----------------------------------------------------------
#                    9 ( 12.3%)        64 ( 87.7%)         73 
#
#Minimum voltage of a net in the design = 0.000.
#Maximum voltage of a net in the design = 1.080.
#Voltage range [0.000 - 1.080] has 21 nets.
#Voltage range [1.080 - 1.080] has 1 net.
#Voltage range [0.000 - 0.000] has 1 net.
#Minimum voltage of a net in the design = 0.000.
#Maximum voltage of a net in the design = 1.080.
#Voltage range [0.000 - 1.080] has 21 nets.
#Voltage range [1.080 - 1.080] has 1 net.
#Voltage range [0.000 - 0.000] has 1 net.
#
#Start DRC checking..
#   number of violations = 0
#cpu time = 00:00:00, elapsed time = 00:00:00, memory = 1762.04 (MB), peak = 1834.53 (MB)
#CELL_VIEW recognizer,init has no DRC violation.
#Total number of DRC violations = 0
#Total number of process antenna violations = 0
#Total number of net violated process antenna rule = 0
#   number of violations = 0
#cpu time = 00:00:00, elapsed time = 00:00:00, memory = 1762.04 (MB), peak = 1834.53 (MB)
#CELL_VIEW recognizer,init has no DRC violation.
#Total number of DRC violations = 0
#Total number of process antenna violations = 0
#Total number of net violated process antenna rule = 0
#Post Route wire spread is done.
#Total number of nets with non-default rule or having extra spacing = 2
#Total wire length = 78 um.
#Total half perimeter of net bounding box = 87 um.
#Total wire length on LAYER Metal1 = 24 um.
#Total wire length on LAYER Metal2 = 30 um.
#Total wire length on LAYER Metal3 = 24 um.
#Total wire length on LAYER Metal4 = 0 um.
#Total wire length on LAYER Metal5 = 0 um.
#Total wire length on LAYER Metal6 = 0 um.
#Total wire length on LAYER Metal7 = 0 um.
#Total wire length on LAYER Metal8 = 0 um.
#Total wire length on LAYER Metal9 = 0 um.
#Total wire length on LAYER Metal10 = 0 um.
#Total wire length on LAYER Metal11 = 0 um.
#Total number of vias = 73
#Total number of multi-cut vias = 64 ( 87.7%)
#Total number of single cut vias = 9 ( 12.3%)
#Up-Via Summary (total 73):
#                   single-cut          multi-cut      Total
#-----------------------------------------------------------
# Metal1             9 ( 18.4%)        40 ( 81.6%)         49
# Metal2             0 (  0.0%)        24 (100.0%)         24
#-----------------------------------------------------------
#                    9 ( 12.3%)        64 ( 87.7%)         73 
#
#detailRoute Statistics:
#Cpu time = 00:00:00
#Elapsed time = 00:00:00
#Increased memory = -0.64 (MB)
#Total memory = 1760.11 (MB)
#Peak memory = 1834.53 (MB)
#
#globalDetailRoute statistics:
#Cpu time = 00:00:04
#Elapsed time = 00:00:04
#Increased memory = 65.71 (MB)
#Total memory = 1760.05 (MB)
#Peak memory = 1834.53 (MB)
#Number of warnings = 2
#Total number of warnings = 4
#Number of fails = 0
#Total number of fails = 0
#Complete globalDetailRoute on Tue Nov  5 18:06:44 2024
#
% End globalDetailRoute (date=11/05 18:06:44, total cpu=0:00:03.6, real=0:00:04.0, peak res=1834.5M, current mem=1759.9M)
**WARN: (IMPDC-2614):	Cannot invoke the command -siAware true option of set_delay_cal_mode command with Encounter_Digital_Impl_Sys_L license. This feature requires an Encounter_Digital_Impl_Sys_XL or equivalent license. Update the license file or remove the option from the command. Skipped -siAware true option.
#Default setup view is reset to recognizer_view_setup.
#Default setup view is reset to recognizer_view_setup.
AAE_INFO: Post Route call back at the end of routeDesign
#routeDesign: cpu time = 00:00:04, elapsed time = 00:00:04, memory = 1753.77 (MB), peak = 1834.53 (MB)

*** Summary of all messages that are not suppressed in this session:
Severity  ID               Count  Summary                                  
WARNING   IMPEXT-3530          1  The process node is not set. Use the com...
WARNING   IMPDC-2614          19  Cannot invoke the command -siAware true ...
WARNING   NRIG-1303            1  The congestion map does not match the GC...
WARNING   NRIF-38              1  Option %s%s is not a Boolean option.     
WARNING   GLOBAL-100           2  Global '%s' has become obsolete. It will...
WARNING   TCLCMD-1403          1  '%s'                                     
*** Message Summary: 25 warning(s), 0 error(s)

