xrun(64): 23.09-s012: (c) Copyright 1995-2024 Cadence Design Systems, Inc.
TOOL:	xrun(64)	23.09-s012: Started on Nov 05, 2024 at 18:18:26 EST
xrun
	-64bit
	-access rwc
	-gui
	recognizer_map.v
	tb_recognizer.v
	/opt/eda/cadence/local/GSCLIB045_Fall2024_SymbolwithVDDVSS/lan/flow/t1u1/reference_libs/GPDK045/gsclib045_all_v4.4/gsclib045/verilog/slow_vdd1v2_basicCells.v
file: recognizer_map.v
	module worklib.recognizer:v
		errors: 0, warnings: 0
file: tb_recognizer.v
	module worklib.tb_recognizer:v
		errors: 0, warnings: 0
file: /opt/eda/cadence/local/GSCLIB045_Fall2024_SymbolwithVDDVSS/lan/flow/t1u1/reference_libs/GPDK045/gsclib045_all_v4.4/gsclib045/verilog/slow_vdd1v2_basicCells.v
	module worklib.ACHCONX2:v
		errors: 0, warnings: 0
	module worklib.ADDFHX1:v
		errors: 0, warnings: 0
	module worklib.ADDFHX2:v
		errors: 0, warnings: 0
	module worklib.ADDFHX4:v
		errors: 0, warnings: 0
	module worklib.ADDFHXL:v
		errors: 0, warnings: 0
	module worklib.ADDFX1:v
		errors: 0, warnings: 0
	module worklib.ADDFX2:v
		errors: 0, warnings: 0
	module worklib.ADDFX4:v
		errors: 0, warnings: 0
	module worklib.ADDFXL:v
		errors: 0, warnings: 0
	module worklib.ADDHX1:v
		errors: 0, warnings: 0
	module worklib.ADDHX2:v
		errors: 0, warnings: 0
	module worklib.ADDHX4:v
		errors: 0, warnings: 0
	module worklib.ADDHXL:v
		errors: 0, warnings: 0
	module worklib.AND2X1:v
		errors: 0, warnings: 0
	module worklib.AND2X2:v
		errors: 0, warnings: 0
	module worklib.AND2X4:v
		errors: 0, warnings: 0
	module worklib.AND2X6:v
		errors: 0, warnings: 0
	module worklib.AND2X8:v
		errors: 0, warnings: 0
	module worklib.AND2XL:v
		errors: 0, warnings: 0
	module worklib.AND3X1:v
		errors: 0, warnings: 0
	module worklib.AND3X2:v
		errors: 0, warnings: 0
	module worklib.AND3X4:v
		errors: 0, warnings: 0
	module worklib.AND3X6:v
		errors: 0, warnings: 0
	module worklib.AND3X8:v
		errors: 0, warnings: 0
	module worklib.AND3XL:v
		errors: 0, warnings: 0
	module worklib.AND4X1:v
		errors: 0, warnings: 0
	module worklib.AND4X2:v
		errors: 0, warnings: 0
	module worklib.AND4X4:v
		errors: 0, warnings: 0
	module worklib.AND4X6:v
		errors: 0, warnings: 0
	module worklib.AND4X8:v
		errors: 0, warnings: 0
	module worklib.AND4XL:v
		errors: 0, warnings: 0
	module worklib.ANTENNA:v
		errors: 0, warnings: 0
	module worklib.AO21X1:v
		errors: 0, warnings: 0
	module worklib.AO21X2:v
		errors: 0, warnings: 0
	module worklib.AO21X4:v
		errors: 0, warnings: 0
	module worklib.AO21XL:v
		errors: 0, warnings: 0
	module worklib.AO22X1:v
		errors: 0, warnings: 0
	module worklib.AO22X2:v
		errors: 0, warnings: 0
	module worklib.AO22X4:v
		errors: 0, warnings: 0
	module worklib.AO22XL:v
		errors: 0, warnings: 0
	module worklib.AOI211X1:v
		errors: 0, warnings: 0
	module worklib.AOI211X2:v
		errors: 0, warnings: 0
	module worklib.AOI211X4:v
		errors: 0, warnings: 0
	module worklib.AOI211XL:v
		errors: 0, warnings: 0
	module worklib.AOI21X1:v
		errors: 0, warnings: 0
	module worklib.AOI21X2:v
		errors: 0, warnings: 0
	module worklib.AOI21X4:v
		errors: 0, warnings: 0
	module worklib.AOI21XL:v
		errors: 0, warnings: 0
	module worklib.AOI221X1:v
		errors: 0, warnings: 0
	module worklib.AOI221X2:v
		errors: 0, warnings: 0
	module worklib.AOI221X4:v
		errors: 0, warnings: 0
	module worklib.AOI221XL:v
		errors: 0, warnings: 0
	module worklib.AOI222X1:v
		errors: 0, warnings: 0
	module worklib.AOI222X2:v
		errors: 0, warnings: 0
	module worklib.AOI222X4:v
		errors: 0, warnings: 0
	module worklib.AOI222XL:v
		errors: 0, warnings: 0
	module worklib.AOI22X1:v
		errors: 0, warnings: 0
	module worklib.AOI22X2:v
		errors: 0, warnings: 0
	module worklib.AOI22X4:v
		errors: 0, warnings: 0
	module worklib.AOI22XL:v
		errors: 0, warnings: 0
	module worklib.AOI2BB1X1:v
		errors: 0, warnings: 0
	module worklib.AOI2BB1X2:v
		errors: 0, warnings: 0
	module worklib.AOI2BB1X4:v
		errors: 0, warnings: 0
	module worklib.AOI2BB1XL:v
		errors: 0, warnings: 0
	module worklib.AOI2BB2X1:v
		errors: 0, warnings: 0
	module worklib.AOI2BB2X2:v
		errors: 0, warnings: 0
	module worklib.AOI2BB2X4:v
		errors: 0, warnings: 0
	module worklib.AOI2BB2XL:v
		errors: 0, warnings: 0
	module worklib.AOI31X1:v
		errors: 0, warnings: 0
	module worklib.AOI31X2:v
		errors: 0, warnings: 0
	module worklib.AOI31X4:v
		errors: 0, warnings: 0
	module worklib.AOI31XL:v
		errors: 0, warnings: 0
	module worklib.AOI32X1:v
		errors: 0, warnings: 0
	module worklib.AOI32X2:v
		errors: 0, warnings: 0
	module worklib.AOI32X4:v
		errors: 0, warnings: 0
	module worklib.AOI32XL:v
		errors: 0, warnings: 0
	module worklib.AOI33X1:v
		errors: 0, warnings: 0
	module worklib.AOI33X2:v
		errors: 0, warnings: 0
	module worklib.AOI33X4:v
		errors: 0, warnings: 0
	module worklib.AOI33XL:v
		errors: 0, warnings: 0
	module worklib.BMXIX2:v
		errors: 0, warnings: 0
	module worklib.BMXIX4:v
		errors: 0, warnings: 0
	module worklib.BUFX12:v
		errors: 0, warnings: 0
	module worklib.BUFX16:v
		errors: 0, warnings: 0
	module worklib.BUFX2:v
		errors: 0, warnings: 0
	module worklib.BUFX20:v
		errors: 0, warnings: 0
	module worklib.BUFX3:v
		errors: 0, warnings: 0
	module worklib.BUFX4:v
		errors: 0, warnings: 0
	module worklib.BUFX6:v
		errors: 0, warnings: 0
	module worklib.BUFX8:v
		errors: 0, warnings: 0
	module worklib.CLKAND2X12:v
		errors: 0, warnings: 0
	module worklib.CLKAND2X2:v
		errors: 0, warnings: 0
	module worklib.CLKAND2X3:v
		errors: 0, warnings: 0
	module worklib.CLKAND2X4:v
		errors: 0, warnings: 0
	module worklib.CLKAND2X6:v
		errors: 0, warnings: 0
	module worklib.CLKAND2X8:v
		errors: 0, warnings: 0
	module worklib.CLKBUFX12:v
		errors: 0, warnings: 0
	module worklib.CLKBUFX16:v
		errors: 0, warnings: 0
	module worklib.CLKBUFX2:v
		errors: 0, warnings: 0
	module worklib.CLKBUFX20:v
		errors: 0, warnings: 0
	module worklib.CLKBUFX3:v
		errors: 0, warnings: 0
	module worklib.CLKBUFX4:v
		errors: 0, warnings: 0
	module worklib.CLKBUFX6:v
		errors: 0, warnings: 0
	module worklib.CLKBUFX8:v
		errors: 0, warnings: 0
	module worklib.CLKINVX1:v
		errors: 0, warnings: 0
	module worklib.CLKINVX12:v
		errors: 0, warnings: 0
	module worklib.CLKINVX16:v
		errors: 0, warnings: 0
	module worklib.CLKINVX2:v
		errors: 0, warnings: 0
	module worklib.CLKINVX20:v
		errors: 0, warnings: 0
	module worklib.CLKINVX3:v
		errors: 0, warnings: 0
	module worklib.CLKINVX4:v
		errors: 0, warnings: 0
	module worklib.CLKINVX6:v
		errors: 0, warnings: 0
	module worklib.CLKINVX8:v
		errors: 0, warnings: 0
	module worklib.CLKMX2X12:v
		errors: 0, warnings: 0
	module worklib.CLKMX2X2:v
		errors: 0, warnings: 0
	module worklib.CLKMX2X3:v
		errors: 0, warnings: 0
	module worklib.CLKMX2X4:v
		errors: 0, warnings: 0
	module worklib.CLKMX2X6:v
		errors: 0, warnings: 0
	module worklib.CLKMX2X8:v
		errors: 0, warnings: 0
	module worklib.CLKXOR2X1:v
		errors: 0, warnings: 0
	module worklib.CLKXOR2X2:v
		errors: 0, warnings: 0
	module worklib.CLKXOR2X4:v
		errors: 0, warnings: 0
	module worklib.CLKXOR2X8:v
		errors: 0, warnings: 0
	module worklib.DECAP10:v
		errors: 0, warnings: 0
	module worklib.DECAP2:v
		errors: 0, warnings: 0
	module worklib.DECAP3:v
		errors: 0, warnings: 0
	module worklib.DECAP4:v
		errors: 0, warnings: 0
	module worklib.DECAP5:v
		errors: 0, warnings: 0
	module worklib.DECAP6:v
		errors: 0, warnings: 0
	module worklib.DECAP7:v
		errors: 0, warnings: 0
	module worklib.DECAP8:v
		errors: 0, warnings: 0
	module worklib.DECAP9:v
		errors: 0, warnings: 0
	module worklib.DFFHQX1:v
		errors: 0, warnings: 0
	module worklib.DFFHQX2:v
		errors: 0, warnings: 0
	module worklib.DFFHQX4:v
		errors: 0, warnings: 0
	module worklib.DFFHQX8:v
		errors: 0, warnings: 0
	module worklib.DFFNSRX1:v
		errors: 0, warnings: 0
	module worklib.DFFNSRX2:v
		errors: 0, warnings: 0
	module worklib.DFFNSRX4:v
		errors: 0, warnings: 0
	module worklib.DFFNSRXL:v
		errors: 0, warnings: 0
	module worklib.DFFQX1:v
		errors: 0, warnings: 0
	module worklib.DFFQX2:v
		errors: 0, warnings: 0
	module worklib.DFFQX4:v
		errors: 0, warnings: 0
	module worklib.DFFQXL:v
		errors: 0, warnings: 0
	module worklib.DFFRHQX1:v
		errors: 0, warnings: 0
	module worklib.DFFRHQX2:v
		errors: 0, warnings: 0
	module worklib.DFFRHQX4:v
		errors: 0, warnings: 0
	module worklib.DFFRHQX8:v
		errors: 0, warnings: 0
	module worklib.DFFRX1:v
		errors: 0, warnings: 0
	module worklib.DFFRX2:v
		errors: 0, warnings: 0
	module worklib.DFFRX4:v
		errors: 0, warnings: 0
	module worklib.DFFRXL:v
		errors: 0, warnings: 0
	module worklib.DFFSHQX1:v
		errors: 0, warnings: 0
	module worklib.DFFSHQX2:v
		errors: 0, warnings: 0
	module worklib.DFFSHQX4:v
		errors: 0, warnings: 0
	module worklib.DFFSHQX8:v
		errors: 0, warnings: 0
	module worklib.DFFSRHQX1:v
		errors: 0, warnings: 0
	module worklib.DFFSRHQX2:v
		errors: 0, warnings: 0
	module worklib.DFFSRHQX4:v
		errors: 0, warnings: 0
	module worklib.DFFSRHQX8:v
		errors: 0, warnings: 0
	module worklib.DFFSRX1:v
		errors: 0, warnings: 0
	module worklib.DFFSRX2:v
		errors: 0, warnings: 0
	module worklib.DFFSRX4:v
		errors: 0, warnings: 0
	module worklib.DFFSRXL:v
		errors: 0, warnings: 0
	module worklib.DFFSX1:v
		errors: 0, warnings: 0
	module worklib.DFFSX2:v
		errors: 0, warnings: 0
	module worklib.DFFSX4:v
		errors: 0, warnings: 0
	module worklib.DFFSXL:v
		errors: 0, warnings: 0
	module worklib.DFFTRX1:v
		errors: 0, warnings: 0
	module worklib.DFFTRX2:v
		errors: 0, warnings: 0
	module worklib.DFFTRX4:v
		errors: 0, warnings: 0
	module worklib.DFFTRXL:v
		errors: 0, warnings: 0
	module worklib.DFFX1:v
		errors: 0, warnings: 0
	module worklib.DFFX2:v
		errors: 0, warnings: 0
	module worklib.DFFX4:v
		errors: 0, warnings: 0
	module worklib.DFFXL:v
		errors: 0, warnings: 0
	module worklib.DLY1X1:v
		errors: 0, warnings: 0
	module worklib.DLY1X4:v
		errors: 0, warnings: 0
	module worklib.DLY2X1:v
		errors: 0, warnings: 0
	module worklib.DLY2X4:v
		errors: 0, warnings: 0
	module worklib.DLY3X1:v
		errors: 0, warnings: 0
	module worklib.DLY3X4:v
		errors: 0, warnings: 0
	module worklib.DLY4X1:v
		errors: 0, warnings: 0
	module worklib.DLY4X4:v
		errors: 0, warnings: 0
	module worklib.EDFFHQX1:v
		errors: 0, warnings: 0
	module worklib.EDFFHQX2:v
		errors: 0, warnings: 0
	module worklib.EDFFHQX4:v
		errors: 0, warnings: 0
	module worklib.EDFFHQX8:v
		errors: 0, warnings: 0
	module worklib.EDFFTRX1:v
		errors: 0, warnings: 0
	module worklib.EDFFTRX2:v
		errors: 0, warnings: 0
	module worklib.EDFFTRX4:v
		errors: 0, warnings: 0
	module worklib.EDFFTRXL:v
		errors: 0, warnings: 0
	module worklib.EDFFX1:v
		errors: 0, warnings: 0
	module worklib.EDFFX2:v
		errors: 0, warnings: 0
	module worklib.EDFFX4:v
		errors: 0, warnings: 0
	module worklib.EDFFXL:v
		errors: 0, warnings: 0
	module worklib.HOLDX1:v
		errors: 0, warnings: 0
	module worklib.INVX1:v
		errors: 0, warnings: 0
	module worklib.INVX12:v
		errors: 0, warnings: 0
	module worklib.INVX16:v
		errors: 0, warnings: 0
	module worklib.INVX2:v
		errors: 0, warnings: 0
	module worklib.INVX20:v
		errors: 0, warnings: 0
	module worklib.INVX3:v
		errors: 0, warnings: 0
	module worklib.INVX4:v
		errors: 0, warnings: 0
	module worklib.INVX6:v
		errors: 0, warnings: 0
	module worklib.INVX8:v
		errors: 0, warnings: 0
	module worklib.INVXL:v
		errors: 0, warnings: 0
	module worklib.MDFFHQX1:v
		errors: 0, warnings: 0
	module worklib.MDFFHQX2:v
		errors: 0, warnings: 0
	module worklib.MDFFHQX4:v
		errors: 0, warnings: 0
	module worklib.MDFFHQX8:v
		errors: 0, warnings: 0
	module worklib.MX2X1:v
		errors: 0, warnings: 0
	module worklib.MX2X2:v
		errors: 0, warnings: 0
	module worklib.MX2X4:v
		errors: 0, warnings: 0
	module worklib.MX2X6:v
		errors: 0, warnings: 0
	module worklib.MX2X8:v
		errors: 0, warnings: 0
	module worklib.MX2XL:v
		errors: 0, warnings: 0
	module worklib.MX3X1:v
		errors: 0, warnings: 0
	module worklib.MX3X2:v
		errors: 0, warnings: 0
	module worklib.MX3X4:v
		errors: 0, warnings: 0
	module worklib.MX3XL:v
		errors: 0, warnings: 0
	module worklib.MX4X1:v
		errors: 0, warnings: 0
	module worklib.MX4X2:v
		errors: 0, warnings: 0
	module worklib.MX4X4:v
		errors: 0, warnings: 0
	module worklib.MX4XL:v
		errors: 0, warnings: 0
	module worklib.MXI2X1:v
		errors: 0, warnings: 0
	module worklib.MXI2X2:v
		errors: 0, warnings: 0
	module worklib.MXI2X4:v
		errors: 0, warnings: 0
	module worklib.MXI2X6:v
		errors: 0, warnings: 0
	module worklib.MXI2X8:v
		errors: 0, warnings: 0
	module worklib.MXI2XL:v
		errors: 0, warnings: 0
	module worklib.MXI3X1:v
		errors: 0, warnings: 0
	module worklib.MXI3X2:v
		errors: 0, warnings: 0
	module worklib.MXI3X4:v
		errors: 0, warnings: 0
	module worklib.MXI3XL:v
		errors: 0, warnings: 0
	module worklib.MXI4X1:v
		errors: 0, warnings: 0
	module worklib.MXI4X2:v
		errors: 0, warnings: 0
	module worklib.MXI4X4:v
		errors: 0, warnings: 0
	module worklib.MXI4XL:v
		errors: 0, warnings: 0
	module worklib.NAND2BX1:v
		errors: 0, warnings: 0
	module worklib.NAND2BX2:v
		errors: 0, warnings: 0
	module worklib.NAND2BX4:v
		errors: 0, warnings: 0
	module worklib.NAND2BXL:v
		errors: 0, warnings: 0
	module worklib.NAND2X1:v
		errors: 0, warnings: 0
	module worklib.NAND2X2:v
		errors: 0, warnings: 0
	module worklib.NAND2X4:v
		errors: 0, warnings: 0
	module worklib.NAND2X6:v
		errors: 0, warnings: 0
	module worklib.NAND2X8:v
		errors: 0, warnings: 0
	module worklib.NAND2XL:v
		errors: 0, warnings: 0
	module worklib.NAND3BX1:v
		errors: 0, warnings: 0
	module worklib.NAND3BX2:v
		errors: 0, warnings: 0
	module worklib.NAND3BX4:v
		errors: 0, warnings: 0
	module worklib.NAND3BXL:v
		errors: 0, warnings: 0
	module worklib.NAND3X1:v
		errors: 0, warnings: 0
	module worklib.NAND3X2:v
		errors: 0, warnings: 0
	module worklib.NAND3X4:v
		errors: 0, warnings: 0
	module worklib.NAND3X6:v
		errors: 0, warnings: 0
	module worklib.NAND3X8:v
		errors: 0, warnings: 0
	module worklib.NAND3XL:v
		errors: 0, warnings: 0
	module worklib.NAND4BBX1:v
		errors: 0, warnings: 0
	module worklib.NAND4BBX2:v
		errors: 0, warnings: 0
	module worklib.NAND4BBX4:v
		errors: 0, warnings: 0
	module worklib.NAND4BBXL:v
		errors: 0, warnings: 0
	module worklib.NAND4BX1:v
		errors: 0, warnings: 0
	module worklib.NAND4BX2:v
		errors: 0, warnings: 0
	module worklib.NAND4BX4:v
		errors: 0, warnings: 0
	module worklib.NAND4BXL:v
		errors: 0, warnings: 0
	module worklib.NAND4X1:v
		errors: 0, warnings: 0
	module worklib.NAND4X2:v
		errors: 0, warnings: 0
	module worklib.NAND4X4:v
		errors: 0, warnings: 0
	module worklib.NAND4X6:v
		errors: 0, warnings: 0
	module worklib.NAND4X8:v
		errors: 0, warnings: 0
	module worklib.NAND4XL:v
		errors: 0, warnings: 0
	module worklib.NOR2BX1:v
		errors: 0, warnings: 0
	module worklib.NOR2BX2:v
		errors: 0, warnings: 0
	module worklib.NOR2BX4:v
		errors: 0, warnings: 0
	module worklib.NOR2BXL:v
		errors: 0, warnings: 0
	module worklib.NOR2X1:v
		errors: 0, warnings: 0
	module worklib.NOR2X2:v
		errors: 0, warnings: 0
	module worklib.NOR2X4:v
		errors: 0, warnings: 0
	module worklib.NOR2X6:v
		errors: 0, warnings: 0
	module worklib.NOR2X8:v
		errors: 0, warnings: 0
	module worklib.NOR2XL:v
		errors: 0, warnings: 0
	module worklib.NOR3BX1:v
		errors: 0, warnings: 0
	module worklib.NOR3BX2:v
		errors: 0, warnings: 0
	module worklib.NOR3BX4:v
		errors: 0, warnings: 0
	module worklib.NOR3BXL:v
		errors: 0, warnings: 0
	module worklib.NOR3X1:v
		errors: 0, warnings: 0
	module worklib.NOR3X2:v
		errors: 0, warnings: 0
	module worklib.NOR3X4:v
		errors: 0, warnings: 0
	module worklib.NOR3X6:v
		errors: 0, warnings: 0
	module worklib.NOR3X8:v
		errors: 0, warnings: 0
	module worklib.NOR3XL:v
		errors: 0, warnings: 0
	module worklib.NOR4BBX1:v
		errors: 0, warnings: 0
	module worklib.NOR4BBX2:v
		errors: 0, warnings: 0
	module worklib.NOR4BBX4:v
		errors: 0, warnings: 0
	module worklib.NOR4BBXL:v
		errors: 0, warnings: 0
	module worklib.NOR4BX1:v
		errors: 0, warnings: 0
	module worklib.NOR4BX2:v
		errors: 0, warnings: 0
	module worklib.NOR4BX4:v
		errors: 0, warnings: 0
	module worklib.NOR4BXL:v
		errors: 0, warnings: 0
	module worklib.NOR4X1:v
		errors: 0, warnings: 0
	module worklib.NOR4X2:v
		errors: 0, warnings: 0
	module worklib.NOR4X4:v
		errors: 0, warnings: 0
	module worklib.NOR4X6:v
		errors: 0, warnings: 0
	module worklib.NOR4X8:v
		errors: 0, warnings: 0
	module worklib.NOR4XL:v
		errors: 0, warnings: 0
	module worklib.OA21X1:v
		errors: 0, warnings: 0
	module worklib.OA21X2:v
		errors: 0, warnings: 0
	module worklib.OA21X4:v
		errors: 0, warnings: 0
	module worklib.OA21XL:v
		errors: 0, warnings: 0
	module worklib.OA22X1:v
		errors: 0, warnings: 0
	module worklib.OA22X2:v
		errors: 0, warnings: 0
	module worklib.OA22X4:v
		errors: 0, warnings: 0
	module worklib.OA22XL:v
		errors: 0, warnings: 0
	module worklib.OAI211X1:v
		errors: 0, warnings: 0
	module worklib.OAI211X2:v
		errors: 0, warnings: 0
	module worklib.OAI211X4:v
		errors: 0, warnings: 0
	module worklib.OAI211XL:v
		errors: 0, warnings: 0
	module worklib.OAI21X1:v
		errors: 0, warnings: 0
	module worklib.OAI21X2:v
		errors: 0, warnings: 0
	module worklib.OAI21X4:v
		errors: 0, warnings: 0
	module worklib.OAI21XL:v
		errors: 0, warnings: 0
	module worklib.OAI221X1:v
		errors: 0, warnings: 0
	module worklib.OAI221X2:v
		errors: 0, warnings: 0
	module worklib.OAI221X4:v
		errors: 0, warnings: 0
	module worklib.OAI221XL:v
		errors: 0, warnings: 0
	module worklib.OAI222X1:v
		errors: 0, warnings: 0
	module worklib.OAI222X2:v
		errors: 0, warnings: 0
	module worklib.OAI222X4:v
		errors: 0, warnings: 0
	module worklib.OAI222XL:v
		errors: 0, warnings: 0
	module worklib.OAI22X1:v
		errors: 0, warnings: 0
	module worklib.OAI22X2:v
		errors: 0, warnings: 0
	module worklib.OAI22X4:v
		errors: 0, warnings: 0
	module worklib.OAI22XL:v
		errors: 0, warnings: 0
	module worklib.OAI2BB1X1:v
		errors: 0, warnings: 0
	module worklib.OAI2BB1X2:v
		errors: 0, warnings: 0
	module worklib.OAI2BB1X4:v
		errors: 0, warnings: 0
	module worklib.OAI2BB1XL:v
		errors: 0, warnings: 0
	module worklib.OAI2BB2X1:v
		errors: 0, warnings: 0
	module worklib.OAI2BB2X2:v
		errors: 0, warnings: 0
	module worklib.OAI2BB2X4:v
		errors: 0, warnings: 0
	module worklib.OAI2BB2XL:v
		errors: 0, warnings: 0
	module worklib.OAI31X1:v
		errors: 0, warnings: 0
	module worklib.OAI31X2:v
		errors: 0, warnings: 0
	module worklib.OAI31X4:v
		errors: 0, warnings: 0
	module worklib.OAI31XL:v
		errors: 0, warnings: 0
	module worklib.OAI32X1:v
		errors: 0, warnings: 0
	module worklib.OAI32X2:v
		errors: 0, warnings: 0
	module worklib.OAI32X4:v
		errors: 0, warnings: 0
	module worklib.OAI32XL:v
		errors: 0, warnings: 0
	module worklib.OAI33X1:v
		errors: 0, warnings: 0
	module worklib.OAI33X2:v
		errors: 0, warnings: 0
	module worklib.OAI33X4:v
		errors: 0, warnings: 0
	module worklib.OAI33XL:v
		errors: 0, warnings: 0
	module worklib.OR2X1:v
		errors: 0, warnings: 0
	module worklib.OR2X2:v
		errors: 0, warnings: 0
	module worklib.OR2X4:v
		errors: 0, warnings: 0
	module worklib.OR2X6:v
		errors: 0, warnings: 0
	module worklib.OR2X8:v
		errors: 0, warnings: 0
	module worklib.OR2XL:v
		errors: 0, warnings: 0
	module worklib.OR3X1:v
		errors: 0, warnings: 0
	module worklib.OR3X2:v
		errors: 0, warnings: 0
	module worklib.OR3X4:v
		errors: 0, warnings: 0
	module worklib.OR3X6:v
		errors: 0, warnings: 0
	module worklib.OR3X8:v
		errors: 0, warnings: 0
	module worklib.OR3XL:v
		errors: 0, warnings: 0
	module worklib.OR4X1:v
		errors: 0, warnings: 0
	module worklib.OR4X2:v
		errors: 0, warnings: 0
	module worklib.OR4X4:v
		errors: 0, warnings: 0
	module worklib.OR4X6:v
		errors: 0, warnings: 0
	module worklib.OR4X8:v
		errors: 0, warnings: 0
	module worklib.OR4XL:v
		errors: 0, warnings: 0
	module worklib.SDFFHQX1:v
		errors: 0, warnings: 0
	module worklib.SDFFHQX2:v
		errors: 0, warnings: 0
	module worklib.SDFFHQX4:v
		errors: 0, warnings: 0
	module worklib.SDFFHQX8:v
		errors: 0, warnings: 0
	module worklib.SDFFNSRX1:v
		errors: 0, warnings: 0
	module worklib.SDFFNSRX2:v
		errors: 0, warnings: 0
	module worklib.SDFFNSRX4:v
		errors: 0, warnings: 0
	module worklib.SDFFNSRXL:v
		errors: 0, warnings: 0
	module worklib.SDFFQX1:v
		errors: 0, warnings: 0
	module worklib.SDFFQX2:v
		errors: 0, warnings: 0
	module worklib.SDFFQX4:v
		errors: 0, warnings: 0
	module worklib.SDFFQXL:v
		errors: 0, warnings: 0
	module worklib.SDFFRHQX1:v
		errors: 0, warnings: 0
	module worklib.SDFFRHQX2:v
		errors: 0, warnings: 0
	module worklib.SDFFRHQX4:v
		errors: 0, warnings: 0
	module worklib.SDFFRHQX8:v
		errors: 0, warnings: 0
	module worklib.SDFFRX1:v
		errors: 0, warnings: 0
	module worklib.SDFFRX2:v
		errors: 0, warnings: 0
	module worklib.SDFFRX4:v
		errors: 0, warnings: 0
	module worklib.SDFFRXL:v
		errors: 0, warnings: 0
	module worklib.SDFFSHQX1:v
		errors: 0, warnings: 0
	module worklib.SDFFSHQX2:v
		errors: 0, warnings: 0
	module worklib.SDFFSHQX4:v
		errors: 0, warnings: 0
	module worklib.SDFFSHQX8:v
		errors: 0, warnings: 0
	module worklib.SDFFSRHQX1:v
		errors: 0, warnings: 0
	module worklib.SDFFSRHQX2:v
		errors: 0, warnings: 0
	module worklib.SDFFSRHQX4:v
		errors: 0, warnings: 0
	module worklib.SDFFSRHQX8:v
		errors: 0, warnings: 0
	module worklib.SDFFSRX1:v
		errors: 0, warnings: 0
	module worklib.SDFFSRX2:v
		errors: 0, warnings: 0
	module worklib.SDFFSRX4:v
		errors: 0, warnings: 0
	module worklib.SDFFSRXL:v
		errors: 0, warnings: 0
	module worklib.SDFFSX1:v
		errors: 0, warnings: 0
	module worklib.SDFFSX2:v
		errors: 0, warnings: 0
	module worklib.SDFFSX4:v
		errors: 0, warnings: 0
	module worklib.SDFFSXL:v
		errors: 0, warnings: 0
	module worklib.SDFFTRX1:v
		errors: 0, warnings: 0
	module worklib.SDFFTRX2:v
		errors: 0, warnings: 0
	module worklib.SDFFTRX4:v
		errors: 0, warnings: 0
	module worklib.SDFFTRXL:v
		errors: 0, warnings: 0
	module worklib.SDFFX1:v
		errors: 0, warnings: 0
	module worklib.SDFFX2:v
		errors: 0, warnings: 0
	module worklib.SDFFX4:v
		errors: 0, warnings: 0
	module worklib.SDFFXL:v
		errors: 0, warnings: 0
	module worklib.SEDFFHQX1:v
		errors: 0, warnings: 0
	module worklib.SEDFFHQX2:v
		errors: 0, warnings: 0
	module worklib.SEDFFHQX4:v
		errors: 0, warnings: 0
	module worklib.SEDFFHQX8:v
		errors: 0, warnings: 0
	module worklib.SEDFFTRX1:v
		errors: 0, warnings: 0
	module worklib.SEDFFTRX2:v
		errors: 0, warnings: 0
	module worklib.SEDFFTRX4:v
		errors: 0, warnings: 0
	module worklib.SEDFFTRXL:v
		errors: 0, warnings: 0
	module worklib.SEDFFX1:v
		errors: 0, warnings: 0
	module worklib.SEDFFX2:v
		errors: 0, warnings: 0
	module worklib.SEDFFX4:v
		errors: 0, warnings: 0
	module worklib.SEDFFXL:v
		errors: 0, warnings: 0
	module worklib.SMDFFHQX1:v
		errors: 0, warnings: 0
	module worklib.SMDFFHQX2:v
		errors: 0, warnings: 0
	module worklib.SMDFFHQX4:v
		errors: 0, warnings: 0
	module worklib.SMDFFHQX8:v
		errors: 0, warnings: 0
	module worklib.TBUFX1:v
		errors: 0, warnings: 0
	module worklib.TBUFX12:v
		errors: 0, warnings: 0
	module worklib.TBUFX16:v
		errors: 0, warnings: 0
	module worklib.TBUFX2:v
		errors: 0, warnings: 0
	module worklib.TBUFX20:v
		errors: 0, warnings: 0
	module worklib.TBUFX3:v
		errors: 0, warnings: 0
	module worklib.TBUFX4:v
		errors: 0, warnings: 0
	module worklib.TBUFX6:v
		errors: 0, warnings: 0
	module worklib.TBUFX8:v
		errors: 0, warnings: 0
	module worklib.TBUFXL:v
		errors: 0, warnings: 0
	module worklib.TIEHI:v
		errors: 0, warnings: 0
	module worklib.TIELO:v
		errors: 0, warnings: 0
	module worklib.TLATNCAX12:v
		errors: 0, warnings: 0
	module worklib.TLATNCAX16:v
		errors: 0, warnings: 0
	module worklib.TLATNCAX2:v
		errors: 0, warnings: 0
	module worklib.TLATNCAX20:v
		errors: 0, warnings: 0
	module worklib.TLATNCAX3:v
		errors: 0, warnings: 0
	module worklib.TLATNCAX4:v
		errors: 0, warnings: 0
	module worklib.TLATNCAX6:v
		errors: 0, warnings: 0
	module worklib.TLATNCAX8:v
		errors: 0, warnings: 0
	module worklib.TLATNSRX1:v
		errors: 0, warnings: 0
	module worklib.TLATNSRX2:v
		errors: 0, warnings: 0
	module worklib.TLATNSRX4:v
		errors: 0, warnings: 0
	module worklib.TLATNSRXL:v
		errors: 0, warnings: 0
	module worklib.TLATNTSCAX12:v
		errors: 0, warnings: 0
	module worklib.TLATNTSCAX16:v
		errors: 0, warnings: 0
	module worklib.TLATNTSCAX2:v
		errors: 0, warnings: 0
	module worklib.TLATNTSCAX20:v
		errors: 0, warnings: 0
	module worklib.TLATNTSCAX3:v
		errors: 0, warnings: 0
	module worklib.TLATNTSCAX4:v
		errors: 0, warnings: 0
	module worklib.TLATNTSCAX6:v
		errors: 0, warnings: 0
	module worklib.TLATNTSCAX8:v
		errors: 0, warnings: 0
	module worklib.TLATNX1:v
		errors: 0, warnings: 0
	module worklib.TLATNX2:v
		errors: 0, warnings: 0
	module worklib.TLATNX4:v
		errors: 0, warnings: 0
	module worklib.TLATNXL:v
		errors: 0, warnings: 0
	module worklib.TLATSRX1:v
		errors: 0, warnings: 0
	module worklib.TLATSRX2:v
		errors: 0, warnings: 0
	module worklib.TLATSRX4:v
		errors: 0, warnings: 0
	module worklib.TLATSRXL:v
		errors: 0, warnings: 0
	module worklib.TLATX1:v
		errors: 0, warnings: 0
	module worklib.TLATX2:v
		errors: 0, warnings: 0
	module worklib.TLATX4:v
		errors: 0, warnings: 0
	module worklib.TLATXL:v
		errors: 0, warnings: 0
	module worklib.XNOR2X1:v
		errors: 0, warnings: 0
	module worklib.XNOR2X2:v
		errors: 0, warnings: 0
	module worklib.XNOR2X4:v
		errors: 0, warnings: 0
	module worklib.XNOR2XL:v
		errors: 0, warnings: 0
	module worklib.XNOR3X1:v
		errors: 0, warnings: 0
	module worklib.XNOR3XL:v
		errors: 0, warnings: 0
	module worklib.XOR2X1:v
		errors: 0, warnings: 0
	module worklib.XOR2X2:v
		errors: 0, warnings: 0
	module worklib.XOR2X4:v
		errors: 0, warnings: 0
	module worklib.XOR2XL:v
		errors: 0, warnings: 0
	module worklib.XOR3X1:v
		errors: 0, warnings: 0
	module worklib.XOR3XL:v
		errors: 0, warnings: 0
	primitive worklib.altos_latch:v
		errors: 0, warnings: 0
	primitive worklib.altos_dff_err:v
		errors: 0, warnings: 0
	primitive worklib.altos_dff:v
		errors: 0, warnings: 0
	primitive worklib.altos_dff_r_err:v
		errors: 0, warnings: 0
	primitive worklib.altos_dff_r:v
		errors: 0, warnings: 0
	primitive worklib.altos_dff_s_err:v
		errors: 0, warnings: 0
	primitive worklib.altos_dff_s:v
		errors: 0, warnings: 0
	primitive worklib.altos_dff_sr_err:v
		errors: 0, warnings: 0
	primitive worklib.altos_dff_sr_0:v
		errors: 0, warnings: 0
	primitive worklib.altos_dff_sr_1:v
		errors: 0, warnings: 0
	primitive worklib.altos_latch_r:v
		errors: 0, warnings: 0
	primitive worklib.altos_latch_s:v
		errors: 0, warnings: 0
	primitive worklib.altos_latch_sr_0:v
		errors: 0, warnings: 0
	primitive worklib.altos_latch_sr_1:v
		errors: 0, warnings: 0
		Caching library 'worklib' ....... Done
	Elaborating the design hierarchy:
	Top level design units:
		tb_recognizer
		ACHCONX2
		ADDFHX1
		ADDFHX2
		ADDFHX4
		ADDFHXL
		ADDFX1
		ADDFX2
		ADDFX4
		ADDFXL
		ADDHX1
		ADDHX2
		ADDHX4
		ADDHXL
		AND2X1
		AND2X2
		AND2X4
		AND2X6
		AND2X8
		AND2XL
		AND3X1
		AND3X2
		AND3X4
		AND3X6
		AND3X8
		AND3XL
		AND4X1
		AND4X2
		AND4X4
		AND4X6
		AND4X8
		AND4XL
		ANTENNA
		AO21X1
		AO21X2
		AO21X4
		AO21XL
		AO22X1
		AO22X2
		AO22X4
		AO22XL
		AOI211X1
		AOI211X2
		AOI211X4
		AOI211XL
		AOI21X1
		AOI21X2
		AOI21X4
		AOI21XL
		AOI221X1
		AOI221X2
		AOI221X4
		AOI221XL
		AOI222X1
		AOI222X2
		AOI222X4
		AOI222XL
		AOI22X1
		AOI22X2
		AOI22X4
		AOI22XL
		AOI2BB1X1
		AOI2BB1X2
		AOI2BB1X4
		AOI2BB1XL
		AOI2BB2X1
		AOI2BB2X2
		AOI2BB2X4
		AOI2BB2XL
		AOI31X1
		AOI31X2
		AOI31X4
		AOI31XL
		AOI32X1
		AOI32X2
		AOI32X4
		AOI32XL
		AOI33X1
		AOI33X2
		AOI33X4
		AOI33XL
		BMXIX2
		BMXIX4
		BUFX12
		BUFX16
		BUFX2
		BUFX20
		BUFX3
		BUFX4
		BUFX6
		BUFX8
		CLKAND2X12
		CLKAND2X2
		CLKAND2X3
		CLKAND2X4
		CLKAND2X6
		CLKAND2X8
		CLKBUFX12
		CLKBUFX16
		CLKBUFX2
		CLKBUFX20
		CLKBUFX3
		CLKBUFX4
		CLKBUFX6
		CLKBUFX8
		CLKINVX1
		CLKINVX12
		CLKINVX16
		CLKINVX2
		CLKINVX20
		CLKINVX3
		CLKINVX4
		CLKINVX6
		CLKINVX8
		CLKMX2X12
		CLKMX2X2
		CLKMX2X3
		CLKMX2X4
		CLKMX2X6
		CLKMX2X8
		CLKXOR2X1
		CLKXOR2X2
		CLKXOR2X4
		CLKXOR2X8
		DECAP10
		DECAP2
		DECAP3
		DECAP4
		DECAP5
		DECAP6
		DECAP7
		DECAP8
		DECAP9
		DFFHQX1
		DFFHQX2
		DFFHQX4
		DFFHQX8
		DFFNSRX1
		DFFNSRX2
		DFFNSRX4
		DFFNSRXL
		DFFQX1
		DFFQX2
		DFFQX4
		DFFQXL
		DFFRHQX2
		DFFRHQX4
		DFFRHQX8
		DFFRX1
		DFFRX2
		DFFRX4
		DFFRXL
		DFFSHQX1
		DFFSHQX2
		DFFSHQX4
		DFFSHQX8
		DFFSRHQX1
		DFFSRHQX2
		DFFSRHQX4
		DFFSRHQX8
		DFFSRX1
		DFFSRX2
		DFFSRX4
		DFFSRXL
		DFFSX1
		DFFSX2
		DFFSX4
		DFFSXL
		DFFTRX1
		DFFTRX2
		DFFTRX4
		DFFTRXL
		DFFX1
		DFFX2
		DFFX4
		DFFXL
		DLY1X1
		DLY1X4
		DLY2X1
		DLY2X4
		DLY3X1
		DLY3X4
		DLY4X1
		DLY4X4
		EDFFHQX1
		EDFFHQX2
		EDFFHQX4
		EDFFHQX8
		EDFFTRX1
		EDFFTRX2
		EDFFTRX4
		EDFFTRXL
		EDFFX1
		EDFFX2
		EDFFX4
		EDFFXL
		HOLDX1
		INVX12
		INVX16
		INVX2
		INVX20
		INVX3
		INVX4
		INVX6
		INVX8
		INVXL
		MDFFHQX1
		MDFFHQX2
		MDFFHQX4
		MDFFHQX8
		MX2X1
		MX2X2
		MX2X4
		MX2X6
		MX2X8
		MX2XL
		MX3X1
		MX3X2
		MX3X4
		MX3XL
		MX4X1
		MX4X2
		MX4X4
		MX4XL
		MXI2X1
		MXI2X2
		MXI2X4
		MXI2X6
		MXI2X8
		MXI2XL
		MXI3X1
		MXI3X2
		MXI3X4
		MXI3XL
		MXI4X1
		MXI4X2
		MXI4X4
		MXI4XL
		NAND2BX1
		NAND2BX2
		NAND2BX4
		NAND2BXL
		NAND2X2
		NAND2X4
		NAND2X6
		NAND2X8
		NAND2XL
		NAND3BX1
		NAND3BX2
		NAND3BX4
		NAND3BXL
		NAND3X1
		NAND3X2
		NAND3X4
		NAND3X6
		NAND3X8
		NAND3XL
		NAND4BBX1
		NAND4BBX2
		NAND4BBX4
		NAND4BBXL
		NAND4BX1
		NAND4BX2
		NAND4BX4
		NAND4BXL
		NAND4X1
		NAND4X2
		NAND4X4
		NAND4X6
		NAND4X8
		NAND4XL
		NOR2BX1
		NOR2BX2
		NOR2BX4
		NOR2BXL
		NOR2X2
		NOR2X4
		NOR2X6
		NOR2X8
		NOR2XL
		NOR3BX1
		NOR3BX2
		NOR3BX4
		NOR3BXL
		NOR3X1
		NOR3X2
		NOR3X4
		NOR3X6
		NOR3X8
		NOR3XL
		NOR4BBX1
		NOR4BBX2
		NOR4BBX4
		NOR4BBXL
		NOR4BX1
		NOR4BX2
		NOR4BX4
		NOR4BXL
		NOR4X1
		NOR4X2
		NOR4X4
		NOR4X6
		NOR4X8
		NOR4XL
		OA21X1
		OA21X2
		OA21X4
		OA21XL
		OA22X1
		OA22X2
		OA22X4
		OA22XL
		OAI211X1
		OAI211X2
		OAI211X4
		OAI211XL
		OAI21X1
		OAI21X2
		OAI21X4
		OAI21XL
		OAI221X1
		OAI221X2
		OAI221X4
		OAI221XL
		OAI222X1
		OAI222X2
		OAI222X4
		OAI222XL
		OAI22X1
		OAI22X2
		OAI22X4
		OAI22XL
		OAI2BB1X1
		OAI2BB1X2
		OAI2BB1X4
		OAI2BB1XL
		OAI2BB2X1
		OAI2BB2X2
		OAI2BB2X4
		OAI2BB2XL
		OAI31X1
		OAI31X2
		OAI31X4
		OAI31XL
		OAI32X1
		OAI32X2
		OAI32X4
		OAI32XL
		OAI33X1
		OAI33X2
		OAI33X4
		OAI33XL
		OR2X1
		OR2X2
		OR2X4
		OR2X6
		OR2X8
		OR2XL
		OR3X1
		OR3X2
		OR3X4
		OR3X6
		OR3X8
		OR3XL
		OR4X1
		OR4X2
		OR4X4
		OR4X6
		OR4X8
		OR4XL
		SDFFHQX1
		SDFFHQX2
		SDFFHQX4
		SDFFHQX8
		SDFFNSRX1
		SDFFNSRX2
		SDFFNSRX4
		SDFFNSRXL
		SDFFQX1
		SDFFQX2
		SDFFQX4
		SDFFQXL
		SDFFRHQX1
		SDFFRHQX2
		SDFFRHQX4
		SDFFRHQX8
		SDFFRX1
		SDFFRX2
		SDFFRX4
		SDFFRXL
		SDFFSHQX1
		SDFFSHQX2
		SDFFSHQX4
		SDFFSHQX8
		SDFFSRHQX1
		SDFFSRHQX2
		SDFFSRHQX4
		SDFFSRHQX8
		SDFFSRX1
		SDFFSRX2
		SDFFSRX4
		SDFFSRXL
		SDFFSX1
		SDFFSX2
		SDFFSX4
		SDFFSXL
		SDFFTRX1
		SDFFTRX2
		SDFFTRX4
		SDFFTRXL
		SDFFX1
		SDFFX2
		SDFFX4
		SDFFXL
		SEDFFHQX1
		SEDFFHQX2
		SEDFFHQX4
		SEDFFHQX8
		SEDFFTRX1
		SEDFFTRX2
		SEDFFTRX4
		SEDFFTRXL
		SEDFFX1
		SEDFFX2
		SEDFFX4
		SEDFFXL
		SMDFFHQX1
		SMDFFHQX2
		SMDFFHQX4
		SMDFFHQX8
		TBUFX1
		TBUFX12
		TBUFX16
		TBUFX2
		TBUFX20
		TBUFX3
		TBUFX4
		TBUFX6
		TBUFX8
		TBUFXL
		TIEHI
		TIELO
		TLATNCAX12
		TLATNCAX16
		TLATNCAX2
		TLATNCAX20
		TLATNCAX3
		TLATNCAX4
		TLATNCAX6
		TLATNCAX8
		TLATNSRX1
		TLATNSRX2
		TLATNSRX4
		TLATNSRXL
		TLATNTSCAX12
		TLATNTSCAX16
		TLATNTSCAX2
		TLATNTSCAX20
		TLATNTSCAX3
		TLATNTSCAX4
		TLATNTSCAX6
		TLATNTSCAX8
		TLATNX1
		TLATNX2
		TLATNX4
		TLATNXL
		TLATSRX1
		TLATSRX2
		TLATSRX4
		TLATSRXL
		TLATX1
		TLATX2
		TLATX4
		TLATXL
		XNOR2X1
		XNOR2X2
		XNOR2X4
		XNOR2XL
		XNOR3X1
		XNOR3XL
		XOR2X1
		XOR2X2
		XOR2X4
		XOR2XL
		XOR3X1
		XOR3XL
	Reading SDF file from location "/home/shivansa/CUSTOM-CIRCUIT-DESIGN/HW4_shivansa/Innovus/Run2_OutputFiles/Route/recognizer_withRC.sdf"
	Writing compiled SDF file to "recognizer_withRC.sdf.X".
	Annotating SDF timing data:
		Compiled SDF file:     recognizer_withRC.sdf.X
		Log file:              sdf_new.log
		Backannotation scope:  tb_recognizer.r_tb
		Configuration file:    
		MTM control:           MAXIMUM
		Scale factors:         
		Scale type:            
xmelab: *W,SDFINF: Instance FE_DBTC0_state_1 not found at scope level <top-level> <./recognizer_withRC.sdf, line 28>.
xmelab: *W,SDFINF: Instance FE_DBTC0_state_1 not found at scope level <top-level> <./recognizer_withRC.sdf, line 59>.
xmelab: *W,SDFNET: Unable to annotate to non-existent timing check (RECREM (posedge RN) (posedge CK) (-0.044) (0.056)) of instance tb_recognizer.r_tb.\state_reg[0]  of module DFFRHQX1 <./recognizer_withRC.sdf, line 78>.
xmelab: *W,SDFNET: Unable to annotate to non-existent timing check (RECREM (posedge RN) (posedge CK) (-0.044) (0.056)) of instance tb_recognizer.r_tb.\state_reg[1]  of module DFFRHQX1 <./recognizer_withRC.sdf, line 97>.
	Annotation completed with 0 Errors and 4 Warnings
	SDF statistics: 
		 No. of Pathdelays = 1689    	 No. of Disabled Pathdelays = 0        Annotated = 1.89% (32/1689) 
		 No. of Tchecks    = 1287    	 No. of Disabled Tchecks    = 0        Annotated = 0.78% (10/1287) 
				        Total(T) 	   Disabled(D) 	    Annotated(A)	  Percentage(A/(T-D))
		 Path Delays	          1689	             0	                32	                  1.89
		       $hold	            97	             0	                 0	                  0.00
		      $width	           395	             0	                 6	                  1.52
		   $recovery	            97	             0	                 0	                  0.00
		  $setuphold	           698	             0	                 4	                  0.57
	Building instance overlay tables: .................... Done
	Generating native compiled code:
		worklib.TLATXL:v <0x28a2e394>
			streams:   0, words:     0
		worklib.TLATX4:v <0x78432196>
			streams:   0, words:     0
		worklib.TLATX2:v <0x16c0a031>
			streams:   0, words:     0
		worklib.TLATX1:v <0x652c0b19>
			streams:   0, words:     0
		worklib.TLATSRXL:v <0x5740ecf8>
			streams:   0, words:     0
		worklib.TLATSRX4:v <0x5c4f09b3>
			streams:   0, words:     0
		worklib.TLATSRX2:v <0x47be5346>
			streams:   0, words:     0
		worklib.TLATSRX1:v <0x5618cd8e>
			streams:   0, words:     0
		worklib.TLATNXL:v <0x285c9c9f>
			streams:   0, words:     0
		worklib.TLATNX4:v <0x5244550c>
			streams:   0, words:     0
		worklib.TLATNX2:v <0x2cc82024>
			streams:   0, words:     0
		worklib.TLATNX1:v <0x7a9bf26b>
			streams:   0, words:     0
		worklib.TLATNTSCAX8:v <0x0a9ff13a>
			streams:   0, words:     0
		worklib.TLATNTSCAX6:v <0x233f3020>
			streams:   0, words:     0
		worklib.TLATNTSCAX4:v <0x59447777>
			streams:   0, words:     0
		worklib.TLATNTSCAX3:v <0x7c72a768>
			streams:   0, words:     0
		worklib.TLATNTSCAX20:v <0x0ed2f4cc>
			streams:   0, words:     0
		worklib.TLATNTSCAX2:v <0x3404dfaa>
			streams:   0, words:     0
		worklib.TLATNTSCAX16:v <0x345f0b38>
			streams:   0, words:     0
		worklib.TLATNTSCAX12:v <0x0323c986>
			streams:   0, words:     0
		worklib.TLATNSRXL:v <0x7681d5d3>
			streams:   0, words:     0
		worklib.TLATNSRX4:v <0x386835ff>
			streams:   0, words:     0
		worklib.TLATNSRX2:v <0x61b3362f>
			streams:   0, words:     0
		worklib.TLATNSRX1:v <0x55adef8e>
			streams:   0, words:     0
		worklib.TLATNCAX8:v <0x0875ff68>
			streams:   0, words:     0
		worklib.TLATNCAX6:v <0x37a27484>
			streams:   0, words:     0
		worklib.TLATNCAX4:v <0x02739826>
			streams:   0, words:     0
		worklib.TLATNCAX3:v <0x6c7eed42>
			streams:   0, words:     0
		worklib.TLATNCAX20:v <0x2e433ea5>
			streams:   0, words:     0
		worklib.TLATNCAX2:v <0x0770ab81>
			streams:   0, words:     0
		worklib.TLATNCAX16:v <0x5f14bce8>
			streams:   0, words:     0
		worklib.TLATNCAX12:v <0x08b74acf>
			streams:   0, words:     0
		worklib.SMDFFHQX8:v <0x6b52ca1a>
			streams:   0, words:     0
		worklib.SMDFFHQX4:v <0x35e07b57>
			streams:   0, words:     0
		worklib.SMDFFHQX2:v <0x1e14480a>
			streams:   0, words:     0
		worklib.SMDFFHQX1:v <0x0f433a5f>
			streams:   0, words:     0
		worklib.SEDFFXL:v <0x1490cad6>
			streams:   0, words:     0
		worklib.SEDFFX4:v <0x113cd174>
			streams:   0, words:     0
		worklib.SEDFFX2:v <0x7815bff0>
			streams:   0, words:     0
		worklib.SEDFFX1:v <0x2594e069>
			streams:   0, words:     0
		worklib.SEDFFTRXL:v <0x788de991>
			streams:   0, words:     0
		worklib.SEDFFTRX4:v <0x4737d66d>
			streams:   0, words:     0
		worklib.SEDFFTRX2:v <0x1112efb2>
			streams:   0, words:     0
		worklib.SEDFFTRX1:v <0x3ead18a6>
			streams:   0, words:     0
		worklib.SEDFFHQX8:v <0x594b5e75>
			streams:   0, words:     0
		worklib.SEDFFHQX4:v <0x2c7c9b0c>
			streams:   0, words:     0
		worklib.SEDFFHQX2:v <0x524a124b>
			streams:   0, words:     0
		worklib.SEDFFHQX1:v <0x69fc3d13>
			streams:   0, words:     0
		worklib.SDFFXL:v <0x0724a1bd>
			streams:   0, words:     0
		worklib.SDFFX4:v <0x2064d2f3>
			streams:   0, words:     0
		worklib.SDFFX2:v <0x10a0b8fa>
			streams:   0, words:     0
		worklib.SDFFX1:v <0x4c6fe605>
			streams:   0, words:     0
		worklib.SDFFTRXL:v <0x18eb767b>
			streams:   0, words:     0
		worklib.SDFFTRX4:v <0x28e62315>
			streams:   0, words:     0
		worklib.SDFFTRX2:v <0x70714ce7>
			streams:   0, words:     0
		worklib.SDFFTRX1:v <0x6ddc4b8c>
			streams:   0, words:     0
		worklib.SDFFSXL:v <0x7d39a517>
			streams:   0, words:     0
		worklib.SDFFSX4:v <0x1649cfb2>
			streams:   0, words:     0
		worklib.SDFFSX2:v <0x698a306c>
			streams:   0, words:     0
		worklib.SDFFSX1:v <0x4e9897ca>
			streams:   0, words:     0
		worklib.SDFFSRXL:v <0x4cfa911a>
			streams:   0, words:     0
		worklib.SDFFSRX4:v <0x2d4c27cd>
			streams:   0, words:     0
		worklib.SDFFSRX2:v <0x64d87c1f>
			streams:   0, words:     0
		worklib.SDFFSRX1:v <0x58e109bf>
			streams:   0, words:     0
		worklib.SDFFSRHQX8:v <0x5e1f7db1>
			streams:   0, words:     0
		worklib.SDFFSRHQX4:v <0x4d63c479>
			streams:   0, words:     0
		worklib.SDFFSRHQX2:v <0x753b280f>
			streams:   0, words:     0
		worklib.SDFFSRHQX1:v <0x4002b6ef>
			streams:   0, words:     0
		worklib.SDFFSHQX8:v <0x2d1c99bf>
			streams:   0, words:     0
		worklib.SDFFSHQX4:v <0x5f371cab>
			streams:   0, words:     0
		worklib.SDFFSHQX2:v <0x2622de21>
			streams:   0, words:     0
		worklib.SDFFSHQX1:v <0x2b4e8ff6>
			streams:   0, words:     0
		worklib.SDFFRXL:v <0x129ca305>
			streams:   0, words:     0
		worklib.SDFFRX4:v <0x79ecc9a0>
			streams:   0, words:     0
		worklib.SDFFRX2:v <0x062f367e>
			streams:   0, words:     0
		worklib.SDFFRX1:v <0x213d91d8>
			streams:   0, words:     0
		worklib.SDFFRHQX8:v <0x455d2367>
			streams:   0, words:     0
		worklib.SDFFRHQX4:v <0x3776a673>
			streams:   0, words:     0
		worklib.SDFFRHQX2:v <0x4e6364f9>
			streams:   0, words:     0
		worklib.SDFFRHQX1:v <0x430f352e>
			streams:   0, words:     0
		worklib.SDFFQXL:v <0x5a7be90a>
			streams:   0, words:     0
		worklib.SDFFQX4:v <0x7eb60cdc>
			streams:   0, words:     0
		worklib.SDFFQX2:v <0x7c4e3cf2>
			streams:   0, words:     0
		worklib.SDFFQX1:v <0x3d3224e5>
			streams:   0, words:     0
		worklib.SDFFNSRXL:v <0x66a18c54>
			streams:   0, words:     0
		worklib.SDFFNSRX4:v <0x2f7df942>
			streams:   0, words:     0
		worklib.SDFFNSRX2:v <0x2e48c45a>
			streams:   0, words:     0
		worklib.SDFFNSRX1:v <0x7621029f>
			streams:   0, words:     0
		worklib.SDFFHQX8:v <0x3d02820f>
			streams:   0, words:     0
		worklib.SDFFHQX4:v <0x6a5283ea>
			streams:   0, words:     0
		worklib.SDFFHQX2:v <0x2c420038>
			streams:   0, words:     0
		worklib.SDFFHQX1:v <0x4f4a41d1>
			streams:   0, words:     0
		worklib.MDFFHQX8:v <0x19d69386>
			streams:   0, words:     0
		worklib.MDFFHQX4:v <0x4e869263>
			streams:   0, words:     0
		worklib.MDFFHQX2:v <0x089611b1>
			streams:   0, words:     0
		worklib.MDFFHQX1:v <0x6b9e5058>
			streams:   0, words:     0
		worklib.EDFFXL:v <0x4aee1007>
			streams:   0, words:     0
		worklib.EDFFX4:v <0x464c6693>
			streams:   0, words:     0
		worklib.EDFFX2:v <0x4c111fb2>
			streams:   0, words:     0
		worklib.EDFFX1:v <0x15619090>
			streams:   0, words:     0
		worklib.EDFFTRXL:v <0x6c85cf1e>
			streams:   0, words:     0
		worklib.EDFFTRX4:v <0x70e04a90>
			streams:   0, words:     0
		worklib.EDFFTRX2:v <0x4a099882>
			streams:   0, words:     0
		worklib.EDFFTRX1:v <0x3e689950>
			streams:   0, words:     0
		worklib.EDFFHQX8:v <0x1442bb84>
			streams:   0, words:     0
		worklib.EDFFHQX4:v <0x7fb88019>
			streams:   0, words:     0
		worklib.EDFFHQX2:v <0x561bae65>
			streams:   0, words:     0
		worklib.EDFFHQX1:v <0x1a396112>
			streams:   0, words:     0
		worklib.DFFXL:v <0x5e650dd9>
			streams:   0, words:     0
		worklib.DFFX4:v <0x226ead4d>
			streams:   0, words:     0
		worklib.DFFX2:v <0x786d816b>
			streams:   0, words:     0
		worklib.DFFX1:v <0x4d9f4f31>
			streams:   0, words:     0
		worklib.DFFTRXL:v <0x5922eaf2>
			streams:   0, words:     0
		worklib.DFFTRX4:v <0x53cf0712>
			streams:   0, words:     0
		worklib.DFFTRX2:v <0x579ba6cc>
			streams:   0, words:     0
		worklib.DFFTRX1:v <0x4d42ae6a>
			streams:   0, words:     0
		worklib.DFFSXL:v <0x45c26acb>
			streams:   0, words:     0
		worklib.DFFSX4:v <0x44857dad>
			streams:   0, words:     0
		worklib.DFFSX2:v <0x1c12361e>
			streams:   0, words:     0
		worklib.DFFSX1:v <0x1de110e7>
			streams:   0, words:     0
		worklib.DFFSRXL:v <0x75dd96f3>
			streams:   0, words:     0
		worklib.DFFSRX4:v <0x51107325>
			streams:   0, words:     0
		worklib.DFFSRX2:v <0x53e8430b>
			streams:   0, words:     0
		worklib.DFFSRX1:v <0x12945b1c>
			streams:   0, words:     0
		worklib.DFFSRHQX8:v <0x5e4121de>
			streams:   0, words:     0
		worklib.DFFSRHQX4:v <0x663117c5>
			streams:   0, words:     0
		worklib.DFFSRHQX2:v <0x7ea46733>
			streams:   0, words:     0
		worklib.DFFSRHQX1:v <0x2a1d8701>
			streams:   0, words:     0
		worklib.DFFSHQX8:v <0x36753565>
			streams:   0, words:     0
		worklib.DFFSHQX4:v <0x48807dec>
			streams:   0, words:     0
		worklib.DFFSHQX2:v <0x1a425a88>
			streams:   0, words:     0
		worklib.DFFSHQX1:v <0x42c5f9a8>
			streams:   0, words:     0
		worklib.DFFRXL:v <0x48eca09d>
			streams:   0, words:     0
		worklib.DFFRX4:v <0x49abb7fb>
			streams:   0, words:     0
		worklib.DFFRX2:v <0x113cfc48>
			streams:   0, words:     0
		worklib.DFFRX1:v <0x10cfdab1>
			streams:   0, words:     0
		worklib.DFFRHQX8:v <0x69043d7b>
			streams:   0, words:     0
		worklib.DFFRHQX4:v <0x17f175f2>
			streams:   0, words:     0
		worklib.DFFRHQX2:v <0x45335296>
			streams:   0, words:     0
		worklib.DFFQXL:v <0x358c4ce8>
			streams:   0, words:     0
		worklib.DFFQX4:v <0x551cb07d>
			streams:   0, words:     0
		worklib.DFFQX2:v <0x2d710972>
			streams:   0, words:     0
		worklib.DFFQX1:v <0x3cff56d5>
			streams:   0, words:     0
		worklib.DFFNSRXL:v <0x5fd35000>
			streams:   0, words:     0
		worklib.DFFNSRX4:v <0x3cd5f8f2>
			streams:   0, words:     0
		worklib.DFFNSRX2:v <0x0e22fb35>
			streams:   0, words:     0
		worklib.DFFNSRX1:v <0x0b074964>
			streams:   0, words:     0
		worklib.DFFHQX8:v <0x19aa48be>
			streams:   0, words:     0
		worklib.DFFHQX4:v <0x3a396ea4>
			streams:   0, words:     0
		worklib.DFFHQX2:v <0x42e51572>
			streams:   0, words:     0
		worklib.DFFHQX1:v <0x579ec042>
			streams:   0, words:     0
		worklib.DFFRHQX1:v <0x515bc0ed>
			streams:   0, words:     0
		worklib.recognizer:v <0x7faabf72>
			streams:   1, words:   238
		worklib.tb_recognizer:v <0x604824a4>
			streams:   6, words:  2068
	Building instance specific data structures.
	Loading native compiled code:     .................... Done
	Design hierarchy summary:
		                    Instances  Unique
		Modules:                  506     491
		UDPs:                     274      14
		Primitives:              1869       6
		Timing outputs:           583     416
		Registers:                156     169
		Scalar wires:            2881       -
		Always blocks:              1       1
		Initial blocks:             2       2
		Pseudo assignments:         4       -
		Timing checks:           1985       5
		Interconnect:              33       -
		Delayed tcheck signals:   538     537
		Simulation timescale:     1ps
	Writing initial simulation snapshot: worklib.tb_recognizer:v
xmsim: *W,NOMTDGUI: Multi-Threaded Dumping is disabled for interactive debug mode.

-------------------------------------
Relinquished control to SimVision...
xcelium> 
xcelium> source /opt/eda/cadence/XCELIUM2309/tools/xcelium/files/xmsimrc
xcelium> database -open waves -into waves.shm -default
Created default SHM database waves
xcelium> probe -create -shm tb_recognizer.r_tb.n_7 tb_recognizer.r_tb.clk tb_recognizer.r_tb.n_0 tb_recognizer.r_tb.n_3 tb_recognizer.r_tb.n_4 tb_recognizer.r_tb.n_5 tb_recognizer.r_tb.n_6 tb_recognizer.r_tb.n_8 tb_recognizer.r_tb.n_9 tb_recognizer.r_tb.n_10 tb_recognizer.r_tb.n_11 tb_recognizer.r_tb.n_12 tb_recognizer.r_tb.n_13 tb_recognizer.r_tb.n_14 tb_recognizer.r_tb.n_15 tb_recognizer.r_tb.n_21 tb_recognizer.r_tb.n_22 tb_recognizer.r_tb.reset tb_recognizer.r_tb.state tb_recognizer.r_tb.x tb_recognizer.r_tb.y
Created probe 1
xcelium> run
Simulation interrupted at 12793265160 PS + 0
xcelium> ^C
xcelium> exit
...Regained control from SimVision
-------------------------------------
TOOL:	xrun(64)	23.09-s012: Exiting on Nov 05, 2024 at 21:20:36 EST  (total: 03:02:10)
