Using Power View: nbit_stack_view_setup.
AAE_INFO: opIsDesignInPostRouteState() is 0
#################################################################################
# Design Stage: PreRoute
# Design Name: nbit_stack
# Design Mode: 90nm
# Analysis Mode: MMMC Non-OCV 
# Parasitics Mode: No SPEF/RCDB 
# Signoff Settings: SI Off 
#################################################################################
Calculate delays in Single mode...
Start delay calculation (fullDC) (1 T). (MEM=2897.4)
Total number of fetched objects 30845
AAE_INFO: Total number of nets for which stage creation was skipped for all views 0
End delay calculation. (MEM=2956.61 CPU=0:00:00.8 REAL=0:00:01.0)
End delay calculation (fullDC). (MEM=2956.61 CPU=0:00:01.1 REAL=0:00:01.0)

Begin Power Analysis

             0V	    VSS
          1.08V	    VDD
Begin Processing Timing Library for Power Calculation

Ended Processing Timing Library for Power Calculation: (cpu=0:00:00, real=0:00:00, mem(process/total/peak)=2221.11MB/4393.59MB/2570.97MB)



Begin Processing Power Net/Grid for Power Calculation

Ended Processing Power Net/Grid for Power Calculation: (cpu=0:00:00, real=0:00:00, mem(process/total/peak)=2221.11MB/4393.59MB/2570.97MB)

Begin Processing Timing Window Data for Power Calculation

CK: assigning clock clk to net clk
Ended Processing Timing Window Data for Power Calculation: (cpu=0:00:00, real=0:00:00, mem(process/total/peak)=2221.61MB/4393.59MB/2570.97MB)

Begin Processing User Attributes

Ended Processing User Attributes: (cpu=0:00:00, real=0:00:00, mem(process/total/peak)=2221.61MB/4393.59MB/2570.97MB)

Begin Processing Signal Activity


Starting Levelizing
2024-Dec-06 12:55:31 (2024-Dec-06 17:55:31 GMT)
2024-Dec-06 12:55:31 (2024-Dec-06 17:55:31 GMT): 10%
2024-Dec-06 12:55:31 (2024-Dec-06 17:55:31 GMT): 20%
2024-Dec-06 12:55:31 (2024-Dec-06 17:55:31 GMT): 30%
2024-Dec-06 12:55:31 (2024-Dec-06 17:55:31 GMT): 40%
2024-Dec-06 12:55:31 (2024-Dec-06 17:55:31 GMT): 50%
2024-Dec-06 12:55:31 (2024-Dec-06 17:55:31 GMT): 60%
2024-Dec-06 12:55:31 (2024-Dec-06 17:55:31 GMT): 70%
2024-Dec-06 12:55:31 (2024-Dec-06 17:55:31 GMT): 80%
2024-Dec-06 12:55:31 (2024-Dec-06 17:55:31 GMT): 90%

Finished Levelizing
2024-Dec-06 12:55:31 (2024-Dec-06 17:55:31 GMT)

Starting Activity Propagation
2024-Dec-06 12:55:31 (2024-Dec-06 17:55:31 GMT)
2024-Dec-06 12:55:31 (2024-Dec-06 17:55:31 GMT): 10%
2024-Dec-06 12:55:31 (2024-Dec-06 17:55:31 GMT): 20%

Finished Activity Propagation
2024-Dec-06 12:55:32 (2024-Dec-06 17:55:32 GMT)
Ended Processing Signal Activity: (cpu=0:00:00, real=0:00:00, mem(process/total/peak)=2222.63MB/4393.59MB/2570.97MB)

Begin Power Computation

      ----------------------------------------------------------
      # of cell(s) missing both power/leakage table: 0
      # of cell(s) missing power table: 0
      # of cell(s) missing leakage table: 0
      ----------------------------------------------------------



Starting Calculating power
2024-Dec-06 12:55:32 (2024-Dec-06 17:55:32 GMT)
 ... Calculating switching power
2024-Dec-06 12:55:32 (2024-Dec-06 17:55:32 GMT): 10%
2024-Dec-06 12:55:32 (2024-Dec-06 17:55:32 GMT): 20%
2024-Dec-06 12:55:32 (2024-Dec-06 17:55:32 GMT): 30%
2024-Dec-06 12:55:32 (2024-Dec-06 17:55:32 GMT): 40%
2024-Dec-06 12:55:32 (2024-Dec-06 17:55:32 GMT): 50%
 ... Calculating internal and leakage power
2024-Dec-06 12:55:32 (2024-Dec-06 17:55:32 GMT): 60%
2024-Dec-06 12:55:32 (2024-Dec-06 17:55:32 GMT): 70%
2024-Dec-06 12:55:32 (2024-Dec-06 17:55:32 GMT): 80%
2024-Dec-06 12:55:32 (2024-Dec-06 17:55:32 GMT): 90%

Finished Calculating power
2024-Dec-06 12:55:32 (2024-Dec-06 17:55:32 GMT)
      # of MSMV cell(s) missing power_level: 0
Ended Power Computation: (cpu=0:00:00, real=0:00:00, mem(process/total/peak)=2223.27MB/4401.59MB/2570.97MB)

Begin Processing User Attributes

Ended Processing User Attributes: (cpu=0:00:00, real=0:00:00, mem(process/total/peak)=2223.27MB/4401.59MB/2570.97MB)

Ended Power Analysis: (cpu=0:00:01, real=0:00:01, mem(process/total/peak)=2223.27MB/4401.59MB/2570.97MB)

Begin Boundary Leakage Calculation
Ended Boundary Leakage Calculation: (cpu=0:00:00, real=0:00:00,
mem(process/total/peak)=2223.27MB/4401.59MB/2570.97MB)
Begin Static Power Report Generation
*----------------------------------------------------------------------------------------
*	Innovus 21.19-s058_1 (64bit) 04/04/2024 09:59 (Linux 3.10.0-693.el7.x86_64)
*	
*
* 	Date & Time:	2024-Dec-06 12:55:32 (2024-Dec-06 17:55:32 GMT)
*
*----------------------------------------------------------------------------------------
*
*	Design: nbit_stack
*
*	Liberty Libraries used:
*	        nbit_stack_view_setup: /opt/eda/cadence/local/GSCLIB045_Fall2024_SymbolwithVDDVSS/lan/flow/t1u1/reference_libs/GPDK045/gsclib045_all_v4.4/gsclib045/timing/slow_vdd1v2_basicCells.lib
*
*	Parasitic Files used:
*
*       Power View : nbit_stack_view_setup
*
*       User-Defined Activity : N.A.
*
*       Activity File: N.A.
*
*       Hierarchical Global Activity: N.A.
*
*       Global Activity: N.A.
*
*       Sequential Element Activity: 0.200000
*
*       Primary Input Activity: 0.200000
*
*       Default icg ratio: N.A.
*
*       Global Comb ClockGate Ratio: N.A.
*
*	Power Units = 1mW
*
*	Time Units = 1e-09 secs
*
*       report_power
*
-----------------------------------------------------------------------------------------
*



Total Power
-----------------------------------------------------------------------------------------
Total Internal Power:       18.99879048 	   79.7647%
Total Switching Power:       4.81777624 	   20.2270%
Total Leakage Power:         0.00198006 	    0.0083%
Total Power:                23.81854679
-----------------------------------------------------------------------------------------


Group                           Internal   Switching     Leakage       Total  Percentage 
                                Power      Power         Power         Power  (%)        
-----------------------------------------------------------------------------------------
Sequential                         16.04      0.7137   0.0007654       16.75       70.34
Macro                                  0           0           0           0           0
IO                                     0           0           0           0           0
Combinational                      1.311       1.782    0.001159       3.094       12.99
Clock (Combinational)              1.648       2.322   5.594e-05       3.971       16.67
Clock (Sequential)                     0           0           0           0           0
-----------------------------------------------------------------------------------------
Total                                 19       4.818     0.00198       23.82         100
-----------------------------------------------------------------------------------------


Rail                  Voltage   Internal   Switching     Leakage       Total  Percentage 
                                Power      Power         Power         Power  (%)        
-----------------------------------------------------------------------------------------
VDD                      1.08         19       4.818     0.00198       23.82         100


Clock                           Internal   Switching     Leakage       Total  Percentage 
                                Power      Power         Power         Power  (%)        
-----------------------------------------------------------------------------------------
clk                                1.648       2.322   5.594e-05       3.971       16.67
-----------------------------------------------------------------------------------------
Total                              1.648       2.322   5.594e-05       3.971       16.67
-----------------------------------------------------------------------------------------
Clock: clk
Clock Period: 0.000986 usec 
Clock Toggle Rate:  2028.3976 Mhz 
Clock Static Probability:  0.5000
  
 
 
-----------------------------------------------------------------------------------------
*	Power Distribution Summary: 
*              Highest Average Power:        FE_USKC6238_CTS_18 (CLKBUFX12):          0.08218
*              Highest Leakage Power:        FE_USKC6278_CTS_17 (CLKBUFX12):        5.746e-07
*                Total Cap:      5.28285e-11 F
*                Total instances in design: 30832
*                Total instances in design with no power:     0
*                Total instances in design with no activty:     0

*                Total Fillers and Decap:     0
-----------------------------------------------------------------------------------------
 
** INFO:  (VOLTUS_POWR-3465): There are 0 decaps and 0 fillers in the design

Ended Static Power Report Generation: (cpu=0:00:00, real=0:00:00,
mem(process/total/peak)=2232.29MB/4401.59MB/2570.97MB)

