============================================================
  Generated by:           Genus(TM) Synthesis Solution 21.19-s055_1
  Generated on:           Dec 06 2024  01:59:49 am
  Module:                 nbit_stack
  Technology library:     slow_vdd1v2 1.0
  Operating conditions:   PVT_1P08V_125C (balanced_tree)
  Wireload mode:          enclosed
  Area mode:              timing library
============================================================

                               
  Gate    Instances    Area        Library    
----------------------------------------------
AND2X1          476    651.168    slow_vdd1v2 
DFFRHQX1       3444  21201.264    slow_vdd1v2 
INVX1          2231   1526.004    slow_vdd1v2 
NAND2X1       16757  17192.682    slow_vdd1v2 
NOR2X1         2476   2540.376    slow_vdd1v2 
OR2X1           207    283.176    slow_vdd1v2 
XNOR2X1          29     69.426    slow_vdd1v2 
XOR2X1            5     13.680    slow_vdd1v2 
----------------------------------------------
total         25625  43477.776                


                                          
     Type      Instances    Area   Area % 
------------------------------------------
sequential          3444 21201.264   48.8 
inverter            2231  1526.004    3.5 
logic              19950 20750.508   47.7 
physical_cells         0     0.000    0.0 
------------------------------------------
total              25625 43477.776  100.0 

